Archive member included because of file (symbol)

c:/gnuarm-471_eabi/bin/../lib/gcc/arm-none-eabi/4.7.1/thumb\libgcc.a(_udivsi3.o)
                              functions.o (__aeabi_uidiv)
c:/gnuarm-471_eabi/bin/../lib/gcc/arm-none-eabi/4.7.1/thumb\libgcc.a(_divsi3.o)
                              functions.o (__aeabi_idiv)
c:/gnuarm-471_eabi/bin/../lib/gcc/arm-none-eabi/4.7.1/thumb\libgcc.a(_dvmd_tls.o)
                              c:/gnuarm-471_eabi/bin/../lib/gcc/arm-none-eabi/4.7.1/thumb\libgcc.a(_udivsi3.o) (__aeabi_idiv0)
c:/gnuarm-471_eabi/bin/../lib/gcc/arm-none-eabi/4.7.1/thumb\libgcc.a(_arm_addsubdf3.o)
                              functions.o (__aeabi_dsub)
c:/gnuarm-471_eabi/bin/../lib/gcc/arm-none-eabi/4.7.1/thumb\libgcc.a(_arm_muldivdf3.o)
                              functions.o (__aeabi_dmul)
c:/gnuarm-471_eabi/bin/../lib/gcc/arm-none-eabi/4.7.1/thumb\libgcc.a(_arm_cmpdf2.o)
                              functions.o (__aeabi_dcmplt)
c:/gnuarm-471_eabi/bin/../lib/gcc/arm-none-eabi/4.7.1/thumb\libgcc.a(_arm_fixunsdfsi.o)
                              functions.o (__aeabi_d2uiz)
c:/gnuarm-471_eabi/bin/../lib/gcc/arm-none-eabi/4.7.1/thumb\libgcc.a(_arm_truncdfsf2.o)
                              functions.o (__aeabi_d2f)
c:/gnuarm-471_eabi/bin/../lib/gcc/arm-none-eabi/4.7.1/thumb\libgcc.a(_arm_addsubsf3.o)
                              functions.o (__aeabi_fsub)
c:/gnuarm-471_eabi/bin/../lib/gcc/arm-none-eabi/4.7.1/thumb\libgcc.a(_arm_muldivsf3.o)
                              functions.o (__aeabi_fmul)
c:/gnuarm-471_eabi/bin/../lib/gcc/arm-none-eabi/4.7.1/thumb\libgcc.a(_arm_cmpsf2.o)
                              functions.o (__aeabi_fcmplt)
c:/gnuarm-471_eabi/bin/../lib/gcc/arm-none-eabi/4.7.1/thumb\libgcc.a(_arm_fixunssfsi.o)
                              functions.o (__aeabi_f2uiz)
c:/gnuarm-471_eabi/bin/../lib/gcc/arm-none-eabi/4.7.1/../../../../arm-none-eabi/lib/thumb\libg.a(lib_a-atoff.o)
                              display.o (atoff)
c:/gnuarm-471_eabi/bin/../lib/gcc/arm-none-eabi/4.7.1/../../../../arm-none-eabi/lib/thumb\libg.a(lib_a-atoi.o)
                              display.o (atoi)
c:/gnuarm-471_eabi/bin/../lib/gcc/arm-none-eabi/4.7.1/../../../../arm-none-eabi/lib/thumb\libg.a(lib_a-atol.o)
                              display.o (atol)
c:/gnuarm-471_eabi/bin/../lib/gcc/arm-none-eabi/4.7.1/../../../../arm-none-eabi/lib/thumb\libg.a(lib_a-memcpy-stub.o)
                              tasks.o (memcpy)
c:/gnuarm-471_eabi/bin/../lib/gcc/arm-none-eabi/4.7.1/../../../../arm-none-eabi/lib/thumb\libg.a(lib_a-memset.o)
                              tasks.o (memset)
c:/gnuarm-471_eabi/bin/../lib/gcc/arm-none-eabi/4.7.1/../../../../arm-none-eabi/lib/thumb\libg.a(lib_a-sprintf.o)
                              functions.o (sprintf)
c:/gnuarm-471_eabi/bin/../lib/gcc/arm-none-eabi/4.7.1/../../../../arm-none-eabi/lib/thumb\libg.a(lib_a-strcat.o)
                              tasks.o (strcat)
c:/gnuarm-471_eabi/bin/../lib/gcc/arm-none-eabi/4.7.1/../../../../arm-none-eabi/lib/thumb\libg.a(lib_a-strcpy.o)
                              display.o (strcpy)
c:/gnuarm-471_eabi/bin/../lib/gcc/arm-none-eabi/4.7.1/../../../../arm-none-eabi/lib/thumb\libg.a(lib_a-strlen.o)
                              display.o (strlen)
c:/gnuarm-471_eabi/bin/../lib/gcc/arm-none-eabi/4.7.1/../../../../arm-none-eabi/lib/thumb\libg.a(lib_a-strncpy.o)
                              tasks.o (strncpy)
c:/gnuarm-471_eabi/bin/../lib/gcc/arm-none-eabi/4.7.1/../../../../arm-none-eabi/lib/thumb\libg.a(lib_a-strtod.o)
                              c:/gnuarm-471_eabi/bin/../lib/gcc/arm-none-eabi/4.7.1/../../../../arm-none-eabi/lib/thumb\libg.a(lib_a-atoff.o) (strtof)
c:/gnuarm-471_eabi/bin/../lib/gcc/arm-none-eabi/4.7.1/../../../../arm-none-eabi/lib/thumb\libg.a(lib_a-strtol.o)
                              c:/gnuarm-471_eabi/bin/../lib/gcc/arm-none-eabi/4.7.1/../../../../arm-none-eabi/lib/thumb\libg.a(lib_a-atoi.o) (_strtol_r)
c:/gnuarm-471_eabi/bin/../lib/gcc/arm-none-eabi/4.7.1/../../../../arm-none-eabi/lib/thumb\libg.a(lib_a-svfprintf.o)
                              c:/gnuarm-471_eabi/bin/../lib/gcc/arm-none-eabi/4.7.1/../../../../arm-none-eabi/lib/thumb\libg.a(lib_a-sprintf.o) (_svfprintf_r)
c:/gnuarm-471_eabi/bin/../lib/gcc/arm-none-eabi/4.7.1/../../../../arm-none-eabi/lib/thumb\libg.a(lib_a-ctype_.o)
                              c:/gnuarm-471_eabi/bin/../lib/gcc/arm-none-eabi/4.7.1/../../../../arm-none-eabi/lib/thumb\libg.a(lib_a-strtol.o) (__ctype_ptr__)
c:/gnuarm-471_eabi/bin/../lib/gcc/arm-none-eabi/4.7.1/../../../../arm-none-eabi/lib/thumb\libg.a(lib_a-dtoa.o)
                              c:/gnuarm-471_eabi/bin/../lib/gcc/arm-none-eabi/4.7.1/../../../../arm-none-eabi/lib/thumb\libg.a(lib_a-svfprintf.o) (_dtoa_r)
c:/gnuarm-471_eabi/bin/../lib/gcc/arm-none-eabi/4.7.1/../../../../arm-none-eabi/lib/thumb\libg.a(lib_a-gdtoa-gethex.o)
[...]
Memory Configuration

Name             Origin             Length             Attributes
CODE             0x00101000         0x00040000         xr
DATA             0x00200000         0x00008000         rw
STACK            0x00208000         0x00000000         rw
*default*        0x00000000         0xffffffff

Linker script and memory map

LOAD Cstartup.o
LOAD Cstartup_SAM7.o
LOAD syscalls.o
LOAD portISR.o
LOAD interrupts.o
LOAD main.o
LOAD heap_2.o
LOAD functions.o
LOAD display.o
LOAD screens.o
LOAD tasks.o
LOAD queue.o
LOAD list.o
LOAD port.o
LOAD serial.o
LOAD comtest.o
LOAD CANtest.o
LOAD CAN_mcm.o
LOAD TWI_task.o
LOAD Operate.o
LOAD Power.o
LOAD bm_sym.o
LOAD bm_num.o
LOAD bm_f1all.o
LOAD bm_f1eur.o
LOAD bm_f1cyr.o
LOAD strings.o
LOAD c:/gnuarm-471_eabi/bin/../lib/gcc/arm-none-eabi/4.7.1/../../../../arm-none-eabi/lib/thumb\libm.a
START GROUP
LOAD c:/gnuarm-471_eabi/bin/../lib/gcc/arm-none-eabi/4.7.1/thumb\libgcc.a
LOAD c:/gnuarm-471_eabi/bin/../lib/gcc/arm-none-eabi/4.7.1/../../../../arm-none-eabi/lib/thumb\libg.a
LOAD c:/gnuarm-471_eabi/bin/../lib/gcc/arm-none-eabi/4.7.1/../../../../arm-none-eabi/lib/thumb\libc.a
END GROUP
                0x00000000                . = 0x0

.vectROM        0x00101000       0x5c
 *(.vectROM)
 .vectROM       0x00101000       0x5c Cstartup.o
                0x0010105c                . = ALIGN (0x4)

.text           0x00101060     0x7e7c
 *(.text)
 .text          0x00101060       0xe8 Cstartup.o
                0x00101060                _startup
                0x00101110                freeFlash
                0x00101122                exit
 .text          0x00101148      0x11c c:/gnuarm-471_eabi/bin/../lib/gcc/arm-none-eabi/4.7.1/thumb\libgcc.a(_udivsi3.o)
                0x00101148                __aeabi_uidiv
                0x00101148                __udivsi3
                0x00101244                __aeabi_uidivmod
 .text          0x00101264      0x150 c:/gnuarm-471_eabi/bin/../lib/gcc/arm-none-eabi/4.7.1/thumb\libgcc.a(_divsi3.o)
                0x00101264                __divsi3
                0x00101264                __aeabi_idiv
                0x00101394                __aeabi_idivmod
 .text          0x001013b4        0x4 c:/gnuarm-471_eabi/bin/../lib/gcc/arm-none-eabi/4.7.1/thumb\libgcc.a(_dvmd_tls.o)
                0x001013b4                __aeabi_idiv0
                0x001013b4                __aeabi_ldiv0
 .text          0x001013b8      0x41c c:/gnuarm-471_eabi/bin/../lib/gcc/arm-none-eabi/4.7.1/thumb\libgcc.a(_arm_addsubdf3.o)
                0x001013b8                __aeabi_drsub
                0x001013c0                __aeabi_dsub
                0x001013c0                __subdf3
                0x001013c4                __aeabi_dadd
                0x001013c4                __adddf3
                0x001016d4                __floatunsidf
                0x001016d4                __aeabi_ui2d
                0x001016f8                __floatsidf
                0x001016f8                __aeabi_i2d
                0x00101720                __aeabi_f2d
                0x00101720                __extendsfdf2
                0x00101760                __floatundidf
                0x00101760                __aeabi_ul2d
                0x00101774                __floatdidf
                0x00101774                __aeabi_l2d
 .text          0x001017d4      0x49c c:/gnuarm-471_eabi/bin/../lib/gcc/arm-none-eabi/4.7.1/thumb\libgcc.a(_arm_muldivdf3.o)
                0x001017d4                __aeabi_dmul
                0x001017d4                __muldf3
                0x00101a64                __divdf3
                0x00101a64                __aeabi_ddiv
 .text          0x00101c70      0x144 c:/gnuarm-471_eabi/bin/../lib/gcc/arm-none-eabi/4.7.1/thumb\libgcc.a(_arm_cmpdf2.o)
                0x00101c70                __gtdf2
                0x00101c70                __gedf2
                0x00101c78                __ltdf2
                0x00101c78                __ledf2
                0x00101c80                __nedf2
                0x00101c80                __eqdf2
                0x00101c80                __cmpdf2
                0x00101d08                __aeabi_cdrcmple
                0x00101d24                __aeabi_cdcmpeq
                0x00101d24                __aeabi_cdcmple
                0x00101d3c                __aeabi_dcmpeq
                0x00101d54                __aeabi_dcmplt
                0x00101d6c                __aeabi_dcmple
                0x00101d84                __aeabi_dcmpge
                0x00101d9c                __aeabi_dcmpgt
 .text          0x00101db4       0x54 c:/gnuarm-471_eabi/bin/../lib/gcc/arm-none-eabi/4.7.1/thumb\libgcc.a(_arm_fixunsdfsi.o)
                0x00101db4                __aeabi_d2uiz
                0x00101db4                __fixunsdfsi
 .text          0x00101e08       0xa0 c:/gnuarm-471_eabi/bin/../lib/gcc/arm-none-eabi/4.7.1/thumb\libgcc.a(_arm_truncdfsf2.o)
                0x00101e08                __truncdfsf2
                0x00101e08                __aeabi_d2f
 .text          0x00101ea8      0x2ac c:/gnuarm-471_eabi/bin/../lib/gcc/arm-none-eabi/4.7.1/thumb\libgcc.a(_arm_addsubsf3.o)
                0x00101ea8                __aeabi_frsub
                0x00101eb0                __subsf3
                0x00101eb0                __aeabi_fsub
                0x00101eb4                __aeabi_fadd
                0x00101eb4                __addsf3
                0x00102070                __aeabi_ui2f
                0x00102070                __floatunsisf
                0x00102078                __aeabi_i2f
                0x00102078                __floatsisf
                0x00102098                __aeabi_ul2f
                0x00102098                __floatundisf
                0x001020a8                __aeabi_l2f
                0x001020a8                __floatdisf
 .text          0x00102154      0x2f8 c:/gnuarm-471_eabi/bin/../lib/gcc/arm-none-eabi/4.7.1/thumb\libgcc.a(_arm_muldivsf3.o)
                0x00102154                __mulsf3
                0x00102154                __aeabi_fmul
                0x001022ec                __aeabi_fdiv
                0x001022ec                __divsf3
 .text          0x0010244c      0x114 c:/gnuarm-471_eabi/bin/../lib/gcc/arm-none-eabi/4.7.1/thumb\libgcc.a(_arm_cmpsf2.o)
                0x0010244c                __gesf2
                0x0010244c                __gtsf2
                0x00102454                __lesf2
                0x00102454                __ltsf2
                0x0010245c                __nesf2
                0x0010245c                __eqsf2
                0x0010245c                __cmpsf2
                0x001024c0                __aeabi_cfrcmple
                0x001024d0                __aeabi_cfcmpeq
                0x001024d0                __aeabi_cfcmple
                0x001024e8                __aeabi_fcmpeq
                0x00102500                __aeabi_fcmplt
                0x00102518                __aeabi_fcmple
                0x00102530                __aeabi_fcmpge
                0x00102548                __aeabi_fcmpgt
 .text          0x00102560       0x54 c:/gnuarm-471_eabi/bin/../lib/gcc/arm-none-eabi/4.7.1/thumb\libgcc.a(_arm_fixunssfsi.o)
                0x00102560                __fixunssfsi
                0x00102560                __aeabi_f2uiz
 .text          0x001025b4       0x10 c:/gnuarm-471_eabi/bin/../lib/gcc/arm-none-eabi/4.7.1/../../../../arm-none-eabi/lib/thumb\libg.a(lib_a-atoff.o)
                0x001025b4                atoff
 .text          0x001025c4       0x20 c:/gnuarm-471_eabi/bin/../lib/gcc/arm-none-eabi/4.7.1/../../../../arm-none-eabi/lib/thumb\libg.a(lib_a-atoi.o)
                0x001025c4                atoi
                0x001025d4                _atoi_r
 .text          0x001025e4       0x20 c:/gnuarm-471_eabi/bin/../lib/gcc/arm-none-eabi/4.7.1/../../../../arm-none-eabi/lib/thumb\libg.a(lib_a-atol.o)
                0x001025e4                atol
                0x001025f4                _atol_r
 .text          0x00102604       0x90 c:/gnuarm-471_eabi/bin/../lib/gcc/arm-none-eabi/4.7.1/../../../../arm-none-eabi/lib/thumb\libg.a(lib_a-memcpy-stub.o)
                0x00102604                memcpy
 .text          0x00102694       0x98 c:/gnuarm-471_eabi/bin/../lib/gcc/arm-none-eabi/4.7.1/../../../../arm-none-eabi/lib/thumb\libg.a(lib_a-memset.o)
                0x00102694                memset
 .text          0x0010272c       0x84 c:/gnuarm-471_eabi/bin/../lib/gcc/arm-none-eabi/4.7.1/../../../../arm-none-eabi/lib/thumb\libg.a(lib_a-sprintf.o)
                0x0010272c                _sprintf_r
                0x0010276c                sprintf
 .text          0x001027b0       0x50 c:/gnuarm-471_eabi/bin/../lib/gcc/arm-none-eabi/4.7.1/../../../../arm-none-eabi/lib/thumb\libg.a(lib_a-strcat.o)
                0x001027b0                strcat
 .text          0x00102800       0x10 c:/gnuarm-471_eabi/bin/../lib/gcc/arm-none-eabi/4.7.1/../../../../arm-none-eabi/lib/thumb\libg.a(lib_a-strcpy.o)
                0x00102800                strcpy
 .text          0x00102810       0x10 c:/gnuarm-471_eabi/bin/../lib/gcc/arm-none-eabi/4.7.1/../../../../arm-none-eabi/lib/thumb\libg.a(lib_a-strlen.o)
                0x00102810                strlen
 .text          0x00102820       0x60 c:/gnuarm-471_eabi/bin/../lib/gcc/arm-none-eabi/4.7.1/../../../../arm-none-eabi/lib/thumb\libg.a(lib_a-strncpy.o)
                0x00102820                strncpy
 .text          0x00102880      0xee8 c:/gnuarm-471_eabi/bin/../lib/gcc/arm-none-eabi/4.7.1/../../../../arm-none-eabi/lib/thumb\libg.a(lib_a-strtod.o)
                0x00102880                _strtod_r
                0x00103714                strtod
                0x00103730                strtof
 .text          0x00103768      0x190 c:/gnuarm-471_eabi/bin/../lib/gcc/arm-none-eabi/4.7.1/../../../../arm-none-eabi/lib/thumb\libg.a(lib_a-strtol.o)
                0x00103768                _strtol_r
                0x001038d8                strtol
 .text          0x001038f8     0x1368 c:/gnuarm-471_eabi/bin/../lib/gcc/arm-none-eabi/4.7.1/../../../../arm-none-eabi/lib/thumb\libg.a(lib_a-svfprintf.o)
                0x001038f8                _svfprintf_r
 .text          0x00104c60     0x10a0 c:/gnuarm-471_eabi/bin/../lib/gcc/arm-none-eabi/4.7.1/../../../../arm-none-eabi/lib/thumb\libg.a(lib_a-dtoa.o)
                0x00104db8                _dtoa_r
 .text          0x00105d00      0x66c c:/gnuarm-471_eabi/bin/../lib/gcc/arm-none-eabi/4.7.1/../../../../arm-none-eabi/lib/thumb\libg.a(lib_a-gdtoa-gethex.o)
                0x00105dc4                __hexdig_init
                0x00105e1c                __gethex
 .text          0x0010636c      0x1dc c:/gnuarm-471_eabi/bin/../lib/gcc/arm-none-eabi/4.7.1/../../../../arm-none-eabi/lib/thumb\libg.a(lib_a-gdtoa-hexnan.o)
                0x0010636c                __hexnan
 .text          0x00106548       0xa0 c:/gnuarm-471_eabi/bin/../lib/gcc/arm-none-eabi/4.7.1/../../../../arm-none-eabi/lib/thumb\libg.a(lib_a-locale.o)
                0x00106548                _setlocale_r
                0x00106590                __locale_charset
                0x00106598                __locale_mb_cur_max
                0x001065a4                __locale_msgcharset
                0x001065b0                __locale_cjk_lang
                0x001065b4                _localeconv_r
                0x001065c0                setlocale
                0x001065dc                localeconv
 .text          0x001065e8      0x51c c:/gnuarm-471_eabi/bin/../lib/gcc/arm-none-eabi/4.7.1/../../../../arm-none-eabi/lib/thumb\libg.a(lib_a-mallocr.o)
                0x001065e8                _malloc_r
 .text          0x00106b04       0x98 c:/gnuarm-471_eabi/bin/../lib/gcc/arm-none-eabi/4.7.1/../../../../arm-none-eabi/lib/thumb\libg.a(lib_a-memchr-stub.o)
                0x00106b04                memchr
 .text          0x00106b9c        0x8 c:/gnuarm-471_eabi/bin/../lib/gcc/arm-none-eabi/4.7.1/../../../../arm-none-eabi/lib/thumb\libg.a(lib_a-mlock.o)
                0x00106b9c                __malloc_lock
                0x00106ba0                __malloc_unlock
 *fill*         0x00106ba4        0x4 00
 .text          0x00106ba8      0x978 c:/gnuarm-471_eabi/bin/../lib/gcc/arm-none-eabi/4.7.1/../../../../arm-none-eabi/lib/thumb\libg.a(lib_a-mprec.o)
                0x00106ba8                _Balloc
                0x00106bfc                _Bfree
                0x00106c14                __multadd
                0x00106cc0                __s2b
                0x00106d5c                __hi0bits
                0x00106d94                __lo0bits
                0x00106df4                __i2b
                0x00106e0c                __multiply
                0x00106f70                __pow5mult
                0x00107020                __lshift
                0x001070f0                __mcmp
                0x0010712c                __mdiff
                0x0010721c                __ulp
                0x00107264                __b2d
                0x00107308                __d2b
                0x001073c0                __ratio
                0x0010743c                _mprec_log10
                0x0010747c                __copybits
                0x001074c4                __any_on
 .text          0x00107520       0x5c c:/gnuarm-471_eabi/bin/../lib/gcc/arm-none-eabi/4.7.1/../../../../arm-none-eabi/lib/thumb\libg.a(lib_a-s_fpclassify.o)
                0x00107520                __fpclassifyd
 .text          0x0010757c        0x8 c:/gnuarm-471_eabi/bin/../lib/gcc/arm-none-eabi/4.7.1/../../../../arm-none-eabi/lib/thumb\libg.a(lib_a-sf_nan.o)
                0x0010757c                nanf
 .text          0x00107584       0x14 c:/gnuarm-471_eabi/bin/../lib/gcc/arm-none-eabi/4.7.1/../../../../arm-none-eabi/lib/thumb\libg.a(lib_a-strcmp.o)
                0x00107584                strcmp
 .text          0x00107598       0xbc c:/gnuarm-471_eabi/bin/../lib/gcc/arm-none-eabi/4.7.1/../../../../arm-none-eabi/lib/thumb\libg.a(lib_a-strncmp.o)
                0x00107598                strncmp
 .text          0x00107654      0xa00 c:/gnuarm-471_eabi/bin/../lib/gcc/arm-none-eabi/4.7.1/../../../../arm-none-eabi/lib/thumb\libg.a(lib_a-svfiprintf.o)
                0x00107654                __ssprint_r
                0x00107784                _svfiprintf_r
 .text          0x00108054       0x64 c:/gnuarm-471_eabi/bin/../lib/gcc/arm-none-eabi/4.7.1/../../../../arm-none-eabi/lib/thumb\libg.a(lib_a-callocr.o)
                0x00108054                _calloc_r
 .text          0x001080b8      0x238 c:/gnuarm-471_eabi/bin/../lib/gcc/arm-none-eabi/4.7.1/../../../../arm-none-eabi/lib/thumb\libg.a(lib_a-freer.o)
                0x001080b8                _malloc_trim_r
                0x0010815c                _free_r
 .text          0x001082f0       0xb0 c:/gnuarm-471_eabi/bin/../lib/gcc/arm-none-eabi/4.7.1/../../../../arm-none-eabi/lib/thumb\libg.a(lib_a-memmove.o)
                0x001082f0                memmove
 .text          0x001083a0      0x3e8 c:/gnuarm-471_eabi/bin/../lib/gcc/arm-none-eabi/4.7.1/../../../../arm-none-eabi/lib/thumb\libg.a(lib_a-reallocr.o)
                0x001083a0                _realloc_r
 .text          0x00108788       0x5c c:/gnuarm-471_eabi/bin/../lib/gcc/arm-none-eabi/4.7.1/thumb\libgcc.a(_arm_fixdfsi.o)
                0x00108788                __aeabi_d2iz
                0x00108788                __fixdfsi
 *fill*         0x001087e4        0x4 00
 .text.stub     0x001087e8       0xa4 linker stubs
 *(.glue_7t)
 .glue_7t       0x00000000        0x0 linker stubs
 *(.glue_7)
 .glue_7        0x00000000        0x0 linker stubs
 *(.rodata)
 .rodata        0x00108890       0x20 functions.o
 *fill*         0x001088b0        0x0 00
 .rodata        0x001088b0       0xf8 c:/gnuarm-471_eabi/bin/../lib/gcc/arm-none-eabi/4.7.1/../../../../arm-none-eabi/lib/thumb\libg.a(lib_a-strtod.o)
 .rodata        0x001089a8      0x184 c:/gnuarm-471_eabi/bin/../lib/gcc/arm-none-eabi/4.7.1/../../../../arm-none-eabi/lib/thumb\libg.a(lib_a-svfprintf.o)
 .rodata        0x00108b2c      0x104 c:/gnuarm-471_eabi/bin/../lib/gcc/arm-none-eabi/4.7.1/../../../../arm-none-eabi/lib/thumb\libg.a(lib_a-ctype_.o)
                0x00108b2c                _ctype_
 .rodata        0x00108c30      0x128 c:/gnuarm-471_eabi/bin/../lib/gcc/arm-none-eabi/4.7.1/../../../../arm-none-eabi/lib/thumb\libg.a(lib_a-mprec.o)
                0x00108c40                __mprec_tens
                0x00108d08                __mprec_tinytens
                0x00108d30                __mprec_bigtens
 .rodata        0x00108d58      0x184 c:/gnuarm-471_eabi/bin/../lib/gcc/arm-none-eabi/4.7.1/../../../../arm-none-eabi/lib/thumb\libg.a(lib_a-svfiprintf.o)

.vfp11_veneer   0x00108edc        0x0
 .vfp11_veneer  0x00000000        0x0 linker stubs

.v4_bx          0x00108edc        0x0
 .v4_bx         0x00000000        0x0 linker stubs

.iplt           0x00108edc        0x0
 .iplt          0x00000000        0x0 Cstartup.o

.text.AT91F_LowLevelInit
                0x00108edc       0xe8
 .text.AT91F_LowLevelInit
                0x00108edc       0xe8 Cstartup_SAM7.o
                0x00108edc                AT91F_LowLevelInit

.text._sbrk_r   0x00108fc4       0x34
 .text._sbrk_r  0x00108fc4       0x34 syscalls.o
                0x00108fc4                _sbrk_r

.text.vPortISRStartFirstTask
                0x00108ff8       0x54
 .text.vPortISRStartFirstTask
                0x00108ff8       0x54 portISR.o
                0x00108ff8                vPortISRStartFirstTask

.text.vPortYieldProcessor
                0x00109050       0xc0
 .text.vPortYieldProcessor
                0x00109050       0xac portISR.o
                0x00109050                vPortYieldProcessor
 *fill*         0x001090fc        0x4 00
 .text.vPortYieldProcessor.stub
                0x00109100        0xc linker stubs

.text.SystemInterruptHandler
                0x00109110      0x118
 .text.SystemInterruptHandler
                0x00109110       0xd4 portISR.o
                0x00109110                SystemInterruptHandler
 *fill*         0x001091e4        0x4 00
 .text.SystemInterruptHandler.stub
                0x001091e8       0x30 linker stubs

.text.vPreemptiveTick
                0x00109228       0xa8
 .text.vPreemptiveTick
                0x00109228       0xa8 portISR.o
                0x00109228                vPreemptiveTick

.text.vPortDisableInterruptsFromThumb
                0x001092d0       0x18
 .text.vPortDisableInterruptsFromThumb
                0x001092d0       0x18 portISR.o
                0x001092d0                vPortDisableInterruptsFromThumb

.text.vPortEnterCritical
                0x001092e8       0x2c
 .text.vPortEnterCritical
                0x001092e8       0x2c portISR.o
                0x001092e8                vPortEnterCritical

.text.vPortExitCritical
                0x00109314       0x48
 .text.vPortExitCritical
                0x00109314       0x48 portISR.o
                0x00109314                vPortExitCritical

.text.TC0_irq_handler
                0x0010935c      0x188
 .text.TC0_irq_handler
                0x0010935c      0x188 interrupts.o
                0x0010935c                TC0_irq_handler

.text.TC1_irq_handler
                0x001094e4      0x148
 .text.TC1_irq_handler
                0x001094e4      0x148 interrupts.o
                0x001094e4                TC1_irq_handler

.text.TC4_irq_handler
                0x0010962c       0x98
 .text.TC4_irq_handler
                0x0010962c       0x98 interrupts.o
                0x0010962c                TC4_irq_handler

.text.TC5_irq_handler
                0x001096c4       0x98
 .text.TC5_irq_handler
                0x001096c4       0x98 interrupts.o
                0x001096c4                TC5_irq_handler

.text.TC6_irq_handler
                0x0010975c      0x208
 .text.TC6_irq_handler
                0x0010975c      0x208 interrupts.o
                0x0010975c                TC6_irq_handler

.text.PIOB_irq_function
                0x00109968       0x70
 .text.PIOB_irq_function
                0x00109968       0x50 interrupts.o
                0x00109968                PIOB_irq_function
 .text.PIOB_irq_function.stub
                0x001099b8       0x18 linker stubs

.text.PIOB_irq_handler
                0x001099d8       0xa8
 .text.PIOB_irq_handler
                0x001099d8       0xa8 interrupts.o
                0x001099d8                PIOB_irq_handler

.text.ADC0_irq_function
                0x00109a80      0x1c8
 .text.ADC0_irq_function
                0x00109a80      0x1a4 interrupts.o
                0x00109a80                ADC0_irq_function
 *fill*         0x00109c24        0x4 00
 .text.ADC0_irq_function.stub
                0x00109c28       0x18 linker stubs

.text.ADC0_irq_handler
                0x00109c48       0xa8
 .text.ADC0_irq_handler
                0x00109c48       0xa8 interrupts.o
                0x00109c48                ADC0_irq_handler

.text.debug_message_wait
                0x00109cf0       0x14
 .text.debug_message_wait
                0x00109cf0       0x14 interrupts.o
                0x00109cf0                debug_message_wait

.text.debug_message
                0x00109d04       0x2c
 .text.debug_message
                0x00109d04       0x2c interrupts.o
                0x00109d04                debug_message

.text.IntToString
                0x00109d30       0xa4
 .text.IntToString
                0x00109d30       0xa4 interrupts.o
                0x00109d30                IntToString

.text.DebugAbortMessage
                0x00109dd4       0xa4
 .text.DebugAbortMessage
                0x00109dd4       0xa4 interrupts.o
                0x00109dd4                DebugAbortMessage

.text.AT91F_Undefined_Instruction_handler
                0x00109e78       0x10
 .text.AT91F_Undefined_Instruction_handler
                0x00109e78       0x10 interrupts.o
                0x00109e78                AT91F_Undefined_Instruction_handler

.text.AT91F_Prefetch_Abort_handler
                0x00109e88       0x10
 .text.AT91F_Prefetch_Abort_handler
                0x00109e88       0x10 interrupts.o
                0x00109e88                AT91F_Prefetch_Abort_handler

.text.AT91F_Data_Abort_handler
                0x00109e98       0x10
 .text.AT91F_Data_Abort_handler
                0x00109e98       0x10 interrupts.o
                0x00109e98                AT91F_Data_Abort_handler

.text.AT91F_Reserved_handler
                0x00109ea8       0x10
 .text.AT91F_Reserved_handler
                0x00109ea8       0x10 interrupts.o
                0x00109ea8                AT91F_Reserved_handler

.text.AT91F_Default_FIQ_handler
                0x00109eb8       0x10
 .text.AT91F_Default_FIQ_handler
                0x00109eb8       0x10 interrupts.o
                0x00109eb8                AT91F_Default_FIQ_handler

.text.AT91F_Default_IRQ_handler
                0x00109ec8       0x10
 .text.AT91F_Default_IRQ_handler
                0x00109ec8       0x10 interrupts.o
                0x00109ec8                AT91F_Default_IRQ_handler

.text.AT91F_Spurious_handler
                0x00109ed8       0x18
 .text.AT91F_Spurious_handler
                0x00109ed8       0x18 interrupts.o
                0x00109ed8                AT91F_Spurious_handler

.text.main      0x00109ef0      0x268
 .text.main     0x00109ef0      0x268 main.o
                0x00109ef0                main

.text.pvPortMalloc
                0x0010a158       0xc4
 .text.pvPortMalloc
                0x0010a158       0xc4 heap_2.o
                0x0010a158                pvPortMalloc

.text.vPortFree
                0x0010a21c       0x44
 .text.vPortFree
                0x0010a21c       0x44 heap_2.o
                0x0010a21c                vPortFree

.text.ClockDisplay
                0x0010a260       0x88
 .text.ClockDisplay
                0x0010a260       0x88 functions.o
                0x0010a260                ClockDisplay

.text.CheckSumIt
                0x0010a2e8       0x1c
 .text.CheckSumIt
                0x0010a2e8       0x1c functions.o
                0x0010a2e8                CheckSumIt

.text.SetDefaultFactors
                0x0010a304      0x2b8
 .text.SetDefaultFactors
                0x0010a304      0x2b8 functions.o
                0x0010a304                SetDefaultFactors

.text.SetDefaultTotals
                0x0010a5bc       0x6c
 .text.SetDefaultTotals
                0x0010a5bc       0x6c functions.o
                0x0010a5bc                SetDefaultTotals

.text.SetStartupDefaults
                0x0010a628       0x70
 .text.SetStartupDefaults
                0x0010a628       0x70 functions.o
                0x0010a628                SetStartupDefaults

.text.btobcd    0x0010a698       0x30
 .text.btobcd   0x0010a698       0x20 functions.o
                0x0010a698                btobcd
 .text.btobcd.stub
                0x0010a6b8       0x10 linker stubs

.text.bcdtob    0x0010a6c8       0x14
 .text.bcdtob   0x0010a6c8       0x14 functions.o
                0x0010a6c8                bcdtob

.text.SetOutputPWM
                0x0010a6e0      0x1c8
 .text.SetOutputPWM
                0x0010a6e0      0x1b4 functions.o
                0x0010a6e0                SetOutputPWM
 *fill*         0x0010a894        0x4 00
 .text.SetOutputPWM.stub
                0x0010a898       0x10 linker stubs

.text.ResetLubeCount
                0x0010a8a8       0x30
 .text.ResetLubeCount
                0x0010a8a8       0x30 functions.o
                0x0010a8a8                ResetLubeCount

.text.Inputs    0x0010a8d8      0x5d8
 .text.Inputs   0x0010a8d8      0x570 functions.o
                0x0010a8d8                Inputs
 .text.Inputs.stub
                0x0010ae48       0x68 linker stubs

.text.CheckAlarms
                0x0010aeb0      0x340
 .text.CheckAlarms
                0x0010aeb0      0x318 functions.o
                0x0010aeb0                CheckAlarms
 .text.CheckAlarms.stub
                0x0010b1c8       0x28 linker stubs

.text.ResetSequenceFactors
                0x0010b1f0      0x148
 .text.ResetSequenceFactors
                0x0010b1f0      0x148 functions.o
                0x0010b1f0                ResetSequenceFactors

.text.AllSeqOpOff
                0x0010b338       0x20
 .text.AllSeqOpOff
                0x0010b338       0x20 functions.o
                0x0010b338                AllSeqOpOff

.text.UpdatingAndSavingTotalsToMemory
                0x0010b358       0xb0
 .text.UpdatingAndSavingTotalsToMemory
                0x0010b358       0xa0 functions.o
                0x0010b358                UpdatingAndSavingTotalsToMemory
 .text.UpdatingAndSavingTotalsToMemory.stub
                0x0010b3f8       0x10 linker stubs

.text.CalculateNetPulseFrequency
                0x0010b408       0x68
 .text.CalculateNetPulseFrequency
                0x0010b408       0x4c functions.o
                0x0010b408                CalculateNetPulseFrequency
 *fill*         0x0010b454        0x4 00
 .text.CalculateNetPulseFrequency.stub
                0x0010b458       0x18 linker stubs

.text.CalculateNetPulsesPerLayer
                0x0010b470       0x88
 .text.CalculateNetPulsesPerLayer
                0x0010b470       0x64 functions.o
                0x0010b470                CalculateNetPulsesPerLayer
 *fill*         0x0010b4d4        0x4 00
 .text.CalculateNetPulsesPerLayer.stub
                0x0010b4d8       0x20 linker stubs

.text.CalculateTargetNetPulses
                0x0010b4f8       0x58
 .text.CalculateTargetNetPulses
                0x0010b4f8       0x44 functions.o
                0x0010b4f8                CalculateTargetNetPulses
 *fill*         0x0010b53c        0x4 00
 .text.CalculateTargetNetPulses.stub
                0x0010b540       0x10 linker stubs

.text.Sequence  0x0010b550     0x1178
 .text.Sequence
                0x0010b550     0x1140 functions.o
                0x0010b550                Sequence
 .text.Sequence.stub
                0x0010c690       0x38 linker stubs

.text.CalculateAnalogInputRollingAverages
                0x0010c6c8      0x378
 .text.CalculateAnalogInputRollingAverages
                0x0010c6c8      0x330 functions.o
                0x0010c6c8                CalculateAnalogInputRollingAverages
 .text.CalculateAnalogInputRollingAverages.stub
                0x0010c9f8       0x48 linker stubs

.text.greatest  0x0010ca40       0x1c
 .text.greatest
                0x0010ca40       0x1c display.o
                0x0010ca40                greatest

.text.draw_line
                0x0010ca5c      0x278
 .text.draw_line
                0x0010ca5c      0x278 display.o
                0x0010ca5c                draw_line

.text.draw_box  0x0010ccd4      0x544
 .text.draw_box
                0x0010ccd4      0x544 display.o
                0x0010ccd4                draw_box

.text.clip_box  0x0010d218       0x6c
 .text.clip_box
                0x0010d218       0x6c display.o
                0x0010d218                clip_box

.text.write_bitmap
                0x0010d284      0x1fc
 .text.write_bitmap
                0x0010d284      0x1fc display.o
                0x0010d284                write_bitmap

.text.display_f1_text
                0x0010d480      0x638
 .text.display_f1_text
                0x0010d480      0x638 display.o
                0x0010d480                display_f1_text

.text.display_number
                0x0010dab8      0x7c0
 .text.display_number
                0x0010dab8      0x76c display.o
                0x0010dab8                display_number
 *fill*         0x0010e224        0x4 00
 .text.display_number.stub
                0x0010e228       0x50 linker stubs

.text.draw_frame
                0x0010e278       0x64
 .text.draw_frame
                0x0010e278       0x64 display.o
                0x0010e278                draw_frame

.text.SendToDisplay
                0x0010e2dc       0x30
 .text.SendToDisplay
                0x0010e2dc       0x30 display.o
                0x0010e2dc                SendToDisplay

.text.WriteDisplay
                0x0010e30c       0xf4
 .text.WriteDisplay
                0x0010e30c       0xf4 display.o
                0x0010e30c                WriteDisplay

.text.SPI0Setup
                0x0010e400       0x48
 .text.SPI0Setup
                0x0010e400       0x48 display.o
                0x0010e400                SPI0Setup

.text.InitilizeDisplay
                0x0010e448       0xd0
 .text.InitilizeDisplay
                0x0010e448       0xd0 display.o
                0x0010e448                InitilizeDisplay

.text.vDisplayTask
                0x0010e518      0x540
 .text.vDisplayTask
                0x0010e518      0x510 display.o
 .text.vDisplayTask.stub
                0x0010ea28       0x30 linker stubs

.text.vStartDisplayTask
                0x0010ea58       0x28
 .text.vStartDisplayTask
                0x0010ea58       0x28 display.o
                0x0010ea58                vStartDisplayTask

.text.screen125
                0x0010ea80       0xf0
 .text.screen125
                0x0010ea80       0xf0 screens.o
                0x0010ea80                screen125

.text.screen113
                0x0010eb70      0x2b0
 .text.screen113
                0x0010eb70      0x2b0 screens.o
                0x0010eb70                screen113

.text.screen100
                0x0010ee20      0x348
 .text.screen100
                0x0010ee20      0x348 screens.o
                0x0010ee20                screen100

.text.screen151
                0x0010f168      0x4b8
 .text.screen151
                0x0010f168      0x490 screens.o
                0x0010f168                screen151
 .text.screen151.stub
                0x0010f5f8       0x28 linker stubs

.text.screen148
                0x0010f620      0x5b8
 .text.screen148
                0x0010f620      0x5b0 screens.o
                0x0010f620                screen148
 .text.screen148.stub
                0x0010fbd0        0x8 linker stubs

.text.screen146
                0x0010fbd8      0x4c8
 .text.screen146
                0x0010fbd8      0x4a8 screens.o
                0x0010fbd8                screen146
 .text.screen146.stub
                0x00110080       0x20 linker stubs

.text.screen145
                0x001100a0      0xbc8
 .text.screen145
                0x001100a0      0xba4 screens.o
                0x001100a0                screen145
 *fill*         0x00110c44        0x4 00
 .text.screen145.stub
                0x00110c48       0x20 linker stubs

.text.screen144
                0x00110c68      0x8d8
 .text.screen144
                0x00110c68      0x8ac screens.o
                0x00110c68                screen144
 *fill*         0x00111514        0x4 00
 .text.screen144.stub
                0x00111518       0x28 linker stubs

.text.screen143
                0x00111540      0xbd8
 .text.screen143
                0x00111540      0xbb0 screens.o
                0x00111540                screen143
 .text.screen143.stub
                0x001120f0       0x28 linker stubs

.text.screen142
                0x00112118      0xca8
 .text.screen142
                0x00112118      0xc7c screens.o
                0x00112118                screen142
 *fill*         0x00112d94        0x4 00
 .text.screen142.stub
                0x00112d98       0x28 linker stubs

.text.screen124
                0x00112dc0      0x120
 .text.screen124
                0x00112dc0      0x120 screens.o
                0x00112dc0                screen124

.text.screen152
                0x00112ee0      0x388
 .text.screen152
                0x00112ee0      0x370 screens.o
                0x00112ee0                screen152
 .text.screen152.stub
                0x00113250       0x18 linker stubs

.text.screen121
                0x00113268      0x10c
 .text.screen121
                0x00113268      0x10c screens.o
                0x00113268                screen121

.text.screen120
                0x00113374      0x100
 .text.screen120
                0x00113374      0x100 screens.o
                0x00113374                screen120

.text.screen112
                0x00113478      0x660
 .text.screen112
                0x00113478      0x64c screens.o
                0x00113478                screen112
 *fill*         0x00113ac4        0x4 00
 .text.screen112.stub
                0x00113ac8       0x10 linker stubs

.text.screen150
                0x00113ad8      0x248
 .text.screen150
                0x00113ad8      0x248 screens.o
                0x00113ad8                screen150

.text.screen147
                0x00113d20      0x190
 .text.screen147
                0x00113d20      0x190 screens.o
                0x00113d20                screen147

.text.screen140
                0x00113eb0      0x258
 .text.screen140
                0x00113eb0      0x248 screens.o
                0x00113eb0                screen140
 .text.screen140.stub
                0x001140f8       0x10 linker stubs

.text.screen111
                0x00114108      0xb00
 .text.screen111
                0x00114108      0xac8 screens.o
                0x00114108                screen111
 .text.screen111.stub
                0x00114bd0       0x38 linker stubs

.text.screen110
                0x00114c08      0x930
 .text.screen110
                0x00114c08      0x908 screens.o
                0x00114c08                screen110
 .text.screen110.stub
                0x00115510       0x28 linker stubs

.text.screen132
                0x00115538      0x6f8
 .text.screen132
                0x00115538      0x6f0 screens.o
                0x00115538                screen132
 .text.screen132.stub
                0x00115c28        0x8 linker stubs

.text.screen131
                0x00115c30      0x4c8
 .text.screen131
                0x00115c30      0x4c0 screens.o
                0x00115c30                screen131
 .text.screen131.stub
                0x001160f0        0x8 linker stubs

.text.mainscreen
                0x001160f8     0x1b80
 .text.mainscreen
                0x001160f8     0x1af0 screens.o
                0x001160f8                mainscreen
 .text.mainscreen.stub
                0x00117be8       0x90 linker stubs

.text.screen00  0x00117c78       0xa0
 .text.screen00
                0x00117c78       0xa0 screens.o
                0x00117c78                screen00

.text.screen141
                0x00117d18      0x3a4
 .text.screen141
                0x00117d18      0x3a4 screens.o
                0x00117d18                screen141

.text.screen99  0x001180bc      0x188
 .text.screen99
                0x001180bc      0x188 screens.o
                0x001180bc                screen99

.text.prvIdleTask
                0x00118244       0x14
 .text.prvIdleTask
                0x00118244       0x14 tasks.o

.text.prvListTaskWithinSingleList
                0x00118258       0xa4
 .text.prvListTaskWithinSingleList
                0x00118258       0xa4 tasks.o

.text.xTaskGenericCreate
                0x00118300      0x1c0
 .text.xTaskGenericCreate
                0x00118300      0x1b0 tasks.o
                0x00118300                xTaskGenericCreate
 .text.xTaskGenericCreate.stub
                0x001184b0       0x10 linker stubs

.text.vTaskPrioritySet
                0x001184c0       0xa8
 .text.vTaskPrioritySet
                0x001184c0       0x94 tasks.o
                0x001184c0                vTaskPrioritySet
 *fill*         0x00118554        0x4 00
 .text.vTaskPrioritySet.stub
                0x00118558       0x10 linker stubs

.text.xTaskIsTaskSuspended
                0x00118568       0x2c
 .text.xTaskIsTaskSuspended
                0x00118568       0x2c tasks.o
                0x00118568                xTaskIsTaskSuspended

.text.vTaskResume
                0x00118598       0x78
 .text.vTaskResume
                0x00118598       0x68 tasks.o
                0x00118598                vTaskResume
 .text.vTaskResume.stub
                0x00118600       0x10 linker stubs

.text.xTaskResumeFromISR
                0x00118610       0x74
 .text.xTaskResumeFromISR
                0x00118610       0x74 tasks.o
                0x00118610                xTaskResumeFromISR

.text.vTaskStartScheduler
                0x00118688       0x50
 .text.vTaskStartScheduler
                0x00118688       0x48 tasks.o
                0x00118688                vTaskStartScheduler
 .text.vTaskStartScheduler.stub
                0x001186d0        0x8 linker stubs

.text.vTaskSuspendAll
                0x001186d8       0x10
 .text.vTaskSuspendAll
                0x001186d8       0x10 tasks.o
                0x001186d8                vTaskSuspendAll

.text.xTaskGetTickCount
                0x001186e8       0x30
 .text.xTaskGetTickCount
                0x001186e8       0x1c tasks.o
                0x001186e8                xTaskGetTickCount
 *fill*         0x00118704        0x4 00
 .text.xTaskGetTickCount.stub
                0x00118708       0x10 linker stubs

.text.vTaskIncrementTick
                0x00118718       0xc0
 .text.vTaskIncrementTick
                0x00118718       0xc0 tasks.o
                0x00118718                vTaskIncrementTick

.text.xTaskResumeAll
                0x001187d8      0x100
 .text.xTaskResumeAll
                0x001187d8       0xec tasks.o
                0x001187d8                xTaskResumeAll
 *fill*         0x001188c4        0x4 00
 .text.xTaskResumeAll.stub
                0x001188c8       0x10 linker stubs

.text.vTaskList
                0x001188d8       0xa8
 .text.vTaskList
                0x001188d8       0xa8 tasks.o
                0x001188d8                vTaskList

.text.vTaskDelay
                0x00118980       0x64
 .text.vTaskDelay
                0x00118980       0x64 tasks.o
                0x00118980                vTaskDelay

.text.vTaskDelayUntil
                0x001189e4       0x94
 .text.vTaskDelayUntil
                0x001189e4       0x94 tasks.o
                0x001189e4                vTaskDelayUntil

.text.vTaskSwitchContext
                0x00118a78       0xe4
 .text.vTaskSwitchContext
                0x00118a78       0xe4 tasks.o
                0x00118a78                vTaskSwitchContext

.text.vTaskSuspend
                0x00118b60       0x90
 .text.vTaskSuspend
                0x00118b60       0x7c tasks.o
                0x00118b60                vTaskSuspend
 *fill*         0x00118bdc        0x4 00
 .text.vTaskSuspend.stub
                0x00118be0       0x10 linker stubs

.text.vTaskPlaceOnEventList
                0x00118bf0       0x74
 .text.vTaskPlaceOnEventList
                0x00118bf0       0x74 tasks.o
                0x00118bf0                vTaskPlaceOnEventList

.text.xTaskRemoveFromEventList
                0x00118c64       0x78
 .text.xTaskRemoveFromEventList
                0x00118c64       0x78 tasks.o
                0x00118c64                xTaskRemoveFromEventList

.text.vTaskSetTimeOutState
                0x00118cdc       0x18
 .text.vTaskSetTimeOutState
                0x00118cdc       0x18 tasks.o
                0x00118cdc                vTaskSetTimeOutState

.text.xTaskCheckForTimeOut
                0x00118cf8       0x70
 .text.xTaskCheckForTimeOut
                0x00118cf8       0x60 tasks.o
                0x00118cf8                xTaskCheckForTimeOut
 .text.xTaskCheckForTimeOut.stub
                0x00118d58       0x10 linker stubs

.text.vTaskMissedYield
                0x00118d68        0xc
 .text.vTaskMissedYield
                0x00118d68        0xc tasks.o
                0x00118d68                vTaskMissedYield

.text.prvCopyDataFromQueue
                0x00118d74       0x28
 .text.prvCopyDataFromQueue
                0x00118d74       0x28 queue.o

.text.prvCopyDataToQueue
                0x00118d9c       0x54
 .text.prvCopyDataToQueue
                0x00118d9c       0x54 queue.o

.text.prvUnlockQueue
                0x00118df0       0x98
 .text.prvUnlockQueue
                0x00118df0       0x88 queue.o
 .text.prvUnlockQueue.stub
                0x00118e78       0x10 linker stubs

.text.xQueueCreate
                0x00118e88       0x6c
 .text.xQueueCreate
                0x00118e88       0x6c queue.o
                0x00118e88                xQueueCreate

.text.xQueueGenericSend
                0x00118ef8      0x100
 .text.xQueueGenericSend
                0x00118ef8       0xf0 queue.o
                0x00118ef8                xQueueGenericSend
 .text.xQueueGenericSend.stub
                0x00118fe8       0x10 linker stubs

.text.xQueueGenericSendFromISR
                0x00118ff8       0x48
 .text.xQueueGenericSendFromISR
                0x00118ff8       0x48 queue.o
                0x00118ff8                xQueueGenericSendFromISR

.text.xQueueGenericReceive
                0x00119040      0x118
 .text.xQueueGenericReceive
                0x00119040      0x108 queue.o
                0x00119040                xQueueGenericReceive
 .text.xQueueGenericReceive.stub
                0x00119148       0x10 linker stubs

.text.xQueueReceiveFromISR
                0x00119158       0x4c
 .text.xQueueReceiveFromISR
                0x00119158       0x4c queue.o
                0x00119158                xQueueReceiveFromISR

.text.uxQueueMessagesWaiting
                0x001191a8       0x28
 .text.uxQueueMessagesWaiting
                0x001191a8       0x18 queue.o
                0x001191a8                uxQueueMessagesWaiting
 .text.uxQueueMessagesWaiting.stub
                0x001191c0       0x10 linker stubs

.text.vListInitialise
                0x001191d0       0x18
 .text.vListInitialise
                0x001191d0       0x18 list.o
                0x001191d0                vListInitialise

.text.vListInitialiseItem
                0x001191e8        0x8
 .text.vListInitialiseItem
                0x001191e8        0x8 list.o
                0x001191e8                vListInitialiseItem

.text.vListInsertEnd
                0x001191f0       0x1c
 .text.vListInsertEnd
                0x001191f0       0x1c list.o
                0x001191f0                vListInsertEnd

.text.vListInsert
                0x0011920c       0x3c
 .text.vListInsert
                0x0011920c       0x3c list.o
                0x0011920c                vListInsert

.text.vListRemove
                0x00119248       0x28
 .text.vListRemove
                0x00119248       0x28 list.o
                0x00119248                vListRemove

.text.pxPortInitialiseStack
                0x00119270       0xa0
 .text.pxPortInitialiseStack
                0x00119270       0xa0 port.o
                0x00119270                pxPortInitialiseStack

.text.xPortStartScheduler
                0x00119310       0x50
 .text.xPortStartScheduler
                0x00119310       0x48 port.o
                0x00119310                xPortStartScheduler
 .text.xPortStartScheduler.stub
                0x00119358        0x8 linker stubs

.text.vSerialISRCreateQueues
                0x00119360       0x34
 .text.vSerialISRCreateQueues
                0x00119360       0x34 serial.o
                0x00119360                vSerialISRCreateQueues

.text.xSerialPortInit
                0x00119398       0xc8
 .text.xSerialPortInit
                0x00119398       0xb0 serial.o
                0x00119398                xSerialPortInit
 .text.xSerialPortInit.stub
                0x00119448       0x18 linker stubs

.text.xSerialGetChar
                0x00119460       0x1c
 .text.xSerialGetChar
                0x00119460       0x1c serial.o
                0x00119460                xSerialGetChar

.text.xSerialPutChar
                0x0011947c       0x34
 .text.xSerialPutChar
                0x0011947c       0x34 serial.o
                0x0011947c                xSerialPutChar

.text.vSerialPutString
                0x001194b0       0x28
 .text.vSerialPutString
                0x001194b0       0x28 serial.o
                0x001194b0                vSerialPutString

.text.vComRxTask
                0x001194d8       0x18
 .text.vComRxTask
                0x001194d8       0x18 comtest.o

.text.vComTxTask
                0x001194f0       0xc0
 .text.vComTxTask
                0x001194f0       0xa4 comtest.o
 *fill*         0x00119594        0x4 00
 .text.vComTxTask.stub
                0x00119598       0x18 linker stubs

.text.vStartComTasks
                0x001195b0       0x54
 .text.vStartComTasks
                0x001195b0       0x54 comtest.o
                0x001195b0                vStartComTasks

.text.vTWI_task
                0x00119604       0xec
 .text.vTWI_task
                0x00119604       0xec TWI_task.o

.text.vStartTWITask
                0x001196f0       0x2c
 .text.vStartTWITask
                0x001196f0       0x2c TWI_task.o
                0x001196f0                vStartTWITask

.text.vOperateTask
                0x00119720      0x140
 .text.vOperateTask
                0x00119720      0x120 Operate.o
 .text.vOperateTask.stub
                0x00119840       0x20 linker stubs

.text.vStartOperateTask
                0x00119860       0x28
 .text.vStartOperateTask
                0x00119860       0x28 Operate.o
                0x00119860                vStartOperateTask

.text.SPI1Setup
                0x00119888       0x50
 .text.SPI1Setup
                0x00119888       0x50 Power.o
                0x00119888                SPI1Setup

.text.SPI1TransferData
                0x001198d8       0x34
 .text.SPI1TransferData
                0x001198d8       0x34 Power.o
                0x001198d8                SPI1TransferData

.text.SPI1FlashRead
                0x0011990c       0x6c
 .text.SPI1FlashRead
                0x0011990c       0x6c Power.o
                0x0011990c                SPI1FlashRead

.text.SPI1FlashWrite
                0x00119978       0xfc
 .text.SPI1FlashWrite
                0x00119978       0xfc Power.o
                0x00119978                SPI1FlashWrite

.text.vPowerTask
                0x00119a74      0x2c8
 .text.vPowerTask
                0x00119a74      0x2c8 Power.o

.text.vStartPowerTask
                0x00119d3c       0x2c
 .text.vStartPowerTask
                0x00119d3c       0x2c Power.o
                0x00119d3c                vStartPowerTask

.rodata.DebugMessage
                0x00119d68       0x18
 .rodata.DebugMessage
                0x00119d68       0x18 interrupts.o
                0x00119d68                DebugMessage

.rodata.str1.4  0x00119d80      0x6d0
 .rodata.str1.4
                0x00119d80       0x80 interrupts.o
                                 0x84 (size before relaxing)
 .rodata.str1.4
                0x00119e00       0x5c functions.o
 .rodata.str1.4
                0x00119e5c       0x18 display.o
 .rodata.str1.4
                0x00119e74      0x4ea screens.o
                                0x500 (size before relaxing)
 *fill*         0x0011a35e        0x2 00
 .rodata.str1.4
                0x0011a360       0x19 tasks.o
                                 0x20 (size before relaxing)
 *fill*         0x0011a379        0x3 00
 .rodata.str1.4
                0x0011a37c       0x32 comtest.o
                                 0x34 (size before relaxing)
 *fill*         0x0011a3ae        0x2 00
 .rodata.str1.4
                0x0011a3b0        0x4 TWI_task.o
 .rodata.str1.4
                0x0011a3b4        0x8 Operate.o
 .rodata.str1.4
                0x0011a3bc        0x6 Power.o
                                  0x8 (size before relaxing)
 *fill*         0x0011a3c2        0x2 00
 .rodata.str1.4
                0x0011a3c4        0xf c:/gnuarm-471_eabi/bin/../lib/gcc/arm-none-eabi/4.7.1/../../../../arm-none-eabi/lib/thumb\libg.a(lib_a-strtod.o)
                                 0x10 (size before relaxing)
 *fill*         0x0011a3d3        0x1 00
 .rodata.str1.4
                0x0011a3d4       0x3f c:/gnuarm-471_eabi/bin/../lib/gcc/arm-none-eabi/4.7.1/../../../../arm-none-eabi/lib/thumb\libg.a(lib_a-svfprintf.o)
                                 0x44 (size before relaxing)
 *fill*         0x0011a413        0x1 00
 .rodata.str1.4
                0x0011a414       0x10 c:/gnuarm-471_eabi/bin/../lib/gcc/arm-none-eabi/4.7.1/../../../../arm-none-eabi/lib/thumb\libg.a(lib_a-dtoa.o)
                                 0x14 (size before relaxing)
 .rodata.str1.4
                0x0011a424       0x1b c:/gnuarm-471_eabi/bin/../lib/gcc/arm-none-eabi/4.7.1/../../../../arm-none-eabi/lib/thumb\libg.a(lib_a-gdtoa-gethex.o)
                                 0x1c (size before relaxing)
 *fill*         0x0011a43f        0x1 00
 .rodata.str1.4
                0x0011a440        0x2 c:/gnuarm-471_eabi/bin/../lib/gcc/arm-none-eabi/4.7.1/../../../../arm-none-eabi/lib/thumb\libg.a(lib_a-impure.o)
                                  0x4 (size before relaxing)
 *fill*         0x0011a442        0x2 00
 .rodata.str1.4
                0x0011a444        0xc c:/gnuarm-471_eabi/bin/../lib/gcc/arm-none-eabi/4.7.1/../../../../arm-none-eabi/lib/thumb\libg.a(lib_a-locale.o)
                                 0x14 (size before relaxing)
 .rodata.str1.4
                0x00000000       0x30 c:/gnuarm-471_eabi/bin/../lib/gcc/arm-none-eabi/4.7.1/../../../../arm-none-eabi/lib/thumb\libg.a(lib_a-svfiprintf.o)

.rodata.Inputs  0x0011a450       0xa0
 .rodata.Inputs
                0x0011a450       0xa0 functions.o

.rodata.Sequence
                0x0011a4f0       0x3c
 .rodata.Sequence
                0x0011a4f0       0x3c functions.o

.rodata.PF_GW302_NoNetPulse
                0x0011a52c       0x10
 .rodata.PF_GW302_NoNetPulse
                0x0011a52c       0x10 functions.o
                0x0011a52c                PF_GW302_NoNetPulse

.rodata.PF_GW302_KnifePressure
                0x0011a53c       0x10
 .rodata.PF_GW302_KnifePressure
                0x0011a53c       0x10 functions.o
                0x0011a53c                PF_GW302_KnifePressure

.rodata.PresetBaleDensity
                0x0011a54c        0x8
 .rodata.PresetBaleDensity
                0x0011a54c        0x8 functions.o
                0x0011a54c                PresetBaleDensity

.rodata.PF_GW302_PreNetPulse
                0x0011a554        0x4
 .rodata.PF_GW302_PreNetPulse
                0x0011a554        0x4 functions.o
                0x0011a554                PF_GW302_PreNetPulse

.rodata.PF_GW302_NetCutTime
                0x0011a558       0x10
 .rodata.PF_GW302_NetCutTime
                0x0011a558       0x10 functions.o
                0x0011a558                PF_GW302_NetCutTime

.rodata.PF_GW302_DiameterMax
                0x0011a568        0x4
 .rodata.PF_GW302_DiameterMax
                0x0011a568        0x4 functions.o
                0x0011a568                PF_GW302_DiameterMax

.rodata.PF_GW302_NetLayers
                0x0011a56c       0x10
 .rodata.PF_GW302_NetLayers
                0x0011a56c       0x10 functions.o
                0x0011a56c                PF_GW302_NetLayers

.rodata.PF_GW302_DiameterMin
                0x0011a57c        0x4
 .rodata.PF_GW302_DiameterMin
                0x0011a57c        0x4 functions.o
                0x0011a57c                PF_GW302_DiameterMin

.rodata.PF_GW302_RollerDelay
                0x0011a580       0x10
 .rodata.PF_GW302_RollerDelay
                0x0011a580       0x10 functions.o
                0x0011a580                PF_GW302_RollerDelay

.rodata.PresetCoreDiameter
                0x0011a590        0x8
 .rodata.PresetCoreDiameter
                0x0011a590        0x8 functions.o
                0x0011a590                PresetCoreDiameter

.rodata.PF_GW302_NetTwineOption
                0x0011a598        0x4
 .rodata.PF_GW302_NetTwineOption
                0x0011a598        0x4 functions.o
                0x0011a598                PF_GW302_NetTwineOption

.rodata.NCkey   0x0011a59c       0x14
 .rodata.NCkey  0x0011a59c       0x14 functions.o
                0x0011a59c                NCkey

.rodata.ip_status
                0x0011a5b0        0x8
 .rodata.ip_status
                0x0011a5b0        0x8 functions.o
                0x0011a5b0                ip_status

.rodata.PF_GW302_FormationDensity
                0x0011a5b8        0x4
 .rodata.PF_GW302_FormationDensity
                0x0011a5b8        0x4 functions.o
                0x0011a5b8                PF_GW302_FormationDensity

.rodata.PF_GW302_PreWarningBeep
                0x0011a5bc        0x4
 .rodata.PF_GW302_PreWarningBeep
                0x0011a5bc        0x4 functions.o
                0x0011a5bc                PF_GW302_PreWarningBeep

.rodata.PresetCoreDensity
                0x0011a5c0        0x8
 .rodata.PresetCoreDensity
                0x0011a5c0        0x8 functions.o
                0x0011a5c0                PresetCoreDensity

.rodata.PF_GW302_PresDeadband
                0x0011a5c8       0x10
 .rodata.PF_GW302_PresDeadband
                0x0011a5c8       0x10 functions.o
                0x0011a5c8                PF_GW302_PresDeadband

.rodata.PF_GW302_Formation2Density
                0x0011a5d8        0x4
 .rodata.PF_GW302_Formation2Density
                0x0011a5d8        0x4 functions.o
                0x0011a5d8                PF_GW302_Formation2Density

.rodata.PF_GW302_MinDiaPulsPerLay
                0x0011a5dc       0x10
 .rodata.PF_GW302_MinDiaPulsPerLay
                0x0011a5dc       0x10 functions.o
                0x0011a5dc                PF_GW302_MinDiaPulsPerLay

.rodata.PF_GW302_BaleSizeFactor
                0x0011a5ec        0x4
 .rodata.PF_GW302_BaleSizeFactor
                0x0011a5ec        0x4 functions.o
                0x0011a5ec                PF_GW302_BaleSizeFactor

.rodata.PF_GW302_Density10
                0x0011a5f0       0x10
 .rodata.PF_GW302_Density10
                0x0011a5f0       0x10 functions.o
                0x0011a5f0                PF_GW302_Density10

.rodata.PF_GW302_Density1
                0x0011a600       0x10
 .rodata.PF_GW302_Density1
                0x0011a600       0x10 functions.o
                0x0011a600                PF_GW302_Density1

.rodata.PF_GW302_Density2
                0x0011a610       0x10
 .rodata.PF_GW302_Density2
                0x0011a610       0x10 functions.o
                0x0011a610                PF_GW302_Density2

.rodata.PF_GW302_Density3
                0x0011a620       0x10
 .rodata.PF_GW302_Density3
                0x0011a620       0x10 functions.o
                0x0011a620                PF_GW302_Density3

.rodata.PF_GW302_Density5
                0x0011a630       0x10
 .rodata.PF_GW302_Density5
                0x0011a630       0x10 functions.o
                0x0011a630                PF_GW302_Density5

.rodata.PF_GW302_BaleShapeSmoothingFactor
                0x0011a640        0x4
 .rodata.PF_GW302_BaleShapeSmoothingFactor
                0x0011a640        0x4 functions.o
                0x0011a640                PF_GW302_BaleShapeSmoothingFactor

.rodata.PF_GW302_BaleTotal
                0x0011a644       0x10
 .rodata.PF_GW302_BaleTotal
                0x0011a644       0x10 functions.o
                0x0011a644                PF_GW302_BaleTotal

.rodata.PF_GW302_Density8
                0x0011a654       0x10
 .rodata.PF_GW302_Density8
                0x0011a654       0x10 functions.o
                0x0011a654                PF_GW302_Density8

.rodata.PF_GW302_BaleStore
                0x0011a664        0x4
 .rodata.PF_GW302_BaleStore
                0x0011a664        0x4 functions.o
                0x0011a664                PF_GW302_BaleStore

.rodata.PF_GW302_TotalNetMetres
                0x0011a668       0x10
 .rodata.PF_GW302_TotalNetMetres
                0x0011a668       0x10 functions.o
                0x0011a668                PF_GW302_TotalNetMetres

.rodata.PF_GW302_PresSwDelay
                0x0011a678       0x10
 .rodata.PF_GW302_PresSwDelay
                0x0011a678       0x10 functions.o
                0x0011a678                PF_GW302_PresSwDelay

.rodata.PF_GW302_EngageDiameter
                0x0011a688        0x4
 .rodata.PF_GW302_EngageDiameter
                0x0011a688        0x4 functions.o
                0x0011a688                PF_GW302_EngageDiameter

.rodata.PF_GW302_NetSpeed
                0x0011a68c       0x10
 .rodata.PF_GW302_NetSpeed
                0x0011a68c       0x10 functions.o
                0x0011a68c                PF_GW302_NetSpeed

.rodata.PF_GW302_NetFactor
                0x0011a69c       0x10
 .rodata.PF_GW302_NetFactor
                0x0011a69c       0x10 functions.o
                0x0011a69c                PF_GW302_NetFactor

.rodata.PresetFormationDensity
                0x0011a6ac        0x8
 .rodata.PresetFormationDensity
                0x0011a6ac        0x8 functions.o
                0x0011a6ac                PresetFormationDensity

.rodata.PF_GW302_NetCutPulse
                0x0011a6b4        0x4
 .rodata.PF_GW302_NetCutPulse
                0x0011a6b4        0x4 functions.o
                0x0011a6b4                PF_GW302_NetCutPulse

.rodata.op_status
                0x0011a6b8        0x8
 .rodata.op_status
                0x0011a6b8        0x8 functions.o
                0x0011a6b8                op_status

.rodata.PF_GW302_LubeAlarm
                0x0011a6c0        0x8
 .rodata.PF_GW302_LubeAlarm
                0x0011a6c0        0x8 functions.o
                0x0011a6c0                PF_GW302_LubeAlarm

.rodata.PF_GW302_KnifePresSmoothingFactor
                0x0011a6c8        0x4
 .rodata.PF_GW302_KnifePresSmoothingFactor
                0x0011a6c8        0x4 functions.o
                0x0011a6c8                PF_GW302_KnifePresSmoothingFactor

.rodata.PresetFormation2Density
                0x0011a6cc        0x8
 .rodata.PresetFormation2Density
                0x0011a6cc        0x8 functions.o
                0x0011a6cc                PresetFormation2Density

.rodata.PF_GW302_FillPotIgnore
                0x0011a6d4       0x10
 .rodata.PF_GW302_FillPotIgnore
                0x0011a6d4       0x10 functions.o
                0x0011a6d4                PF_GW302_FillPotIgnore

.rodata.PF_GW302_NetDelay
                0x0011a6e4       0x10
 .rodata.PF_GW302_NetDelay
                0x0011a6e4       0x10 functions.o
                0x0011a6e4                PF_GW302_NetDelay

.rodata.PF_GW302_DiaCorrection
                0x0011a6f4       0x10
 .rodata.PF_GW302_DiaCorrection
                0x0011a6f4       0x10 functions.o
                0x0011a6f4                PF_GW302_DiaCorrection

.rodata.LCkey   0x0011a704       0x3c
 .rodata.LCkey  0x0011a704       0x3c functions.o
                0x0011a704                LCkey

.rodata.PF_GW302_BaleDiameter
                0x0011a740        0x4
 .rodata.PF_GW302_BaleDiameter
                0x0011a740        0x4 functions.o
                0x0011a740                PF_GW302_BaleDiameter

.rodata.PF_GW302_DiameterCorrection
                0x0011a744        0x4
 .rodata.PF_GW302_DiameterCorrection
                0x0011a744        0x4 functions.o
                0x0011a744                PF_GW302_DiameterCorrection

.rodata.PresetBaleDiameter
                0x0011a748        0x8
 .rodata.PresetBaleDiameter
                0x0011a748        0x8 functions.o
                0x0011a748                PresetBaleDiameter

.rodata.Store   0x0011a750        0xc
 .rodata.Store  0x0011a750        0xc functions.o
                0x0011a750                Store

.rodata.PresetNetLayers
                0x0011a75c       0x14
 .rodata.PresetNetLayers
                0x0011a75c       0x14 functions.o
                0x0011a75c                PresetNetLayers

.rodata.PF_GW302_BaleDensity
                0x0011a770        0x4
 .rodata.PF_GW302_BaleDensity
                0x0011a770        0x4 functions.o
                0x0011a770                PF_GW302_BaleDensity

.rodata.binHex  0x0011a774       0x10
 .rodata.binHex
                0x0011a774       0x10 functions.o
                0x0011a774                binHex

.rodata.PF_GW302_BaleShapeIndicatorZero
                0x0011a784       0x10
 .rodata.PF_GW302_BaleShapeIndicatorZero
                0x0011a784       0x10 functions.o
                0x0011a784                PF_GW302_BaleShapeIndicatorZero

.rodata.UCkey   0x0011a794       0x3c
 .rodata.UCkey  0x0011a794       0x3c functions.o
                0x0011a794                UCkey

.rodata.PF_GW302_DensityPresSmoothingFactor
                0x0011a7d0        0x4
 .rodata.PF_GW302_DensityPresSmoothingFactor
                0x0011a7d0        0x4 functions.o
                0x0011a7d0                PF_GW302_DensityPresSmoothingFactor

.rodata.PF_GW302_Density4
                0x0011a7d4       0x10
 .rodata.PF_GW302_Density4
                0x0011a7d4       0x10 functions.o
                0x0011a7d4                PF_GW302_Density4

.rodata.PF_GW302_Density6
                0x0011a7e4       0x10
 .rodata.PF_GW302_Density6
                0x0011a7e4       0x10 functions.o
                0x0011a7e4                PF_GW302_Density6

.rodata.PF_GW302_Density7
                0x0011a7f4       0x10
 .rodata.PF_GW302_Density7
                0x0011a7f4       0x10 functions.o
                0x0011a7f4                PF_GW302_Density7

.rodata.PF_GW302_Density9
                0x0011a804       0x10
 .rodata.PF_GW302_Density9
                0x0011a804       0x10 functions.o
                0x0011a804                PF_GW302_Density9

.rodata.PF_GW302_KnifePresWarn
                0x0011a814       0x10
 .rodata.PF_GW302_KnifePresWarn
                0x0011a814       0x10 functions.o
                0x0011a814                PF_GW302_KnifePresWarn

.rodata.PF_GW302_FormationDiameter
                0x0011a824        0x4
 .rodata.PF_GW302_FormationDiameter
                0x0011a824        0x4 functions.o
                0x0011a824                PF_GW302_FormationDiameter

.rodata.PF_GW302_MaxDiaPulsPerLay
                0x0011a828       0x10
 .rodata.PF_GW302_MaxDiaPulsPerLay
                0x0011a828       0x10 functions.o
                0x0011a828                PF_GW302_MaxDiaPulsPerLay

.rodata.PF_GW302_BaleProfile
                0x0011a838        0x4
 .rodata.PF_GW302_BaleProfile
                0x0011a838        0x4 functions.o
                0x0011a838                PF_GW302_BaleProfile

.rodata.Bar     0x0011a83c        0xc
 .rodata.Bar    0x0011a83c        0xc functions.o
                0x0011a83c                Bar

.rodata.PF_GW302_Formation2Diameter
                0x0011a848        0x4
 .rodata.PF_GW302_Formation2Diameter
                0x0011a848        0x4 functions.o
                0x0011a848                PF_GW302_Formation2Diameter

.rodata.PF_GW302_CoreDensity
                0x0011a84c        0x4
 .rodata.PF_GW302_CoreDensity
                0x0011a84c        0x4 functions.o
                0x0011a84c                PF_GW302_CoreDensity

.rodata.PF_GW302_BaleDiaSmoothingFactor
                0x0011a850        0x4
 .rodata.PF_GW302_BaleDiaSmoothingFactor
                0x0011a850        0x4 functions.o
                0x0011a850                PF_GW302_BaleDiaSmoothingFactor

.rodata.PF_GW302_NetOn
                0x0011a854       0x10
 .rodata.PF_GW302_NetOn
                0x0011a854       0x10 functions.o
                0x0011a854                PF_GW302_NetOn

.rodata.PF_GW302_FillPotRange
                0x0011a864       0x10
 .rodata.PF_GW302_FillPotRange
                0x0011a864       0x10 functions.o
                0x0011a864                PF_GW302_FillPotRange

.rodata.PF_GW302_BeakEngage
                0x0011a874        0x4
 .rodata.PF_GW302_BeakEngage
                0x0011a874        0x4 functions.o
                0x0011a874                PF_GW302_BeakEngage

.rodata.PF_GW302_DiverterDelay
                0x0011a878       0x10
 .rodata.PF_GW302_DiverterDelay
                0x0011a878       0x10 functions.o
                0x0011a878                PF_GW302_DiverterDelay

.rodata.PF_GW302_DoorClosed
                0x0011a888       0x10
 .rodata.PF_GW302_DoorClosed
                0x0011a888       0x10 functions.o
                0x0011a888                PF_GW302_DoorClosed

.rodata.PF_GW302_CoreDiameter
                0x0011a898        0x4
 .rodata.PF_GW302_CoreDiameter
                0x0011a898        0x4 functions.o
                0x0011a898                PF_GW302_CoreDiameter

.rodata.PresetFormation2Diameter
                0x0011a89c        0x8
 .rodata.PresetFormation2Diameter
                0x0011a89c        0x8 functions.o
                0x0011a89c                PresetFormation2Diameter

.rodata.PinOption
                0x0011a8a4        0x8
 .rodata.PinOption
                0x0011a8a4        0x8 functions.o
                0x0011a8a4                PinOption

.rodata.PresetFormationDiameter
                0x0011a8ac        0x8
 .rodata.PresetFormationDiameter
                0x0011a8ac        0x8 functions.o
                0x0011a8ac                PresetFormationDiameter

.rodata.display_number
                0x0011a8b4       0x3c
 .rodata.display_number
                0x0011a8b4       0x3c display.o

.rodata.screen151
                0x0011a8f0       0x20
 .rodata.screen151
                0x0011a8f0       0x20 screens.o

.rodata.screen145
                0x0011a910       0x30
 .rodata.screen145
                0x0011a910       0x30 screens.o

.rodata.screen144
                0x0011a940       0x54
 .rodata.screen144
                0x0011a940       0x54 screens.o

.rodata.screen143
                0x0011a994       0x40
 .rodata.screen143
                0x0011a994       0x40 screens.o

.rodata.screen142
                0x0011a9d4       0x58
 .rodata.screen142
                0x0011a9d4       0x58 screens.o

.rodata.screen112
                0x0011aa2c       0x2c
 .rodata.screen112
                0x0011aa2c       0x2c screens.o

.rodata.screen110
                0x0011aa58       0xd0
 .rodata.screen110
                0x0011aa58       0xd0 screens.o

.rodata.screen132
                0x0011ab28       0x78
 .rodata.screen132
                0x0011ab28       0x78 screens.o

.rodata.mainscreen
                0x0011aba0       0x24
 .rodata.mainscreen
                0x0011aba0       0x24 screens.o

.rodata.screen141
                0x0011abc4       0x40
 .rodata.screen141
                0x0011abc4       0x40 screens.o

.rodata.ICON_BALE_INDICATOR
                0x0011ac04       0x8c
 .rodata.ICON_BALE_INDICATOR
                0x0011ac04       0x8c bm_sym.o
                0x0011ac04                ICON_BALE_INDICATOR

.rodata.ICON_BALE_PROFILE_B
                0x0011ac90       0x24
 .rodata.ICON_BALE_PROFILE_B
                0x0011ac90       0x24 bm_sym.o
                0x0011ac90                ICON_BALE_PROFILE_B

.rodata.ICON_BALE_PROFILE_C
                0x0011acb4       0x24
 .rodata.ICON_BALE_PROFILE_C
                0x0011acb4       0x24 bm_sym.o
                0x0011acb4                ICON_BALE_PROFILE_C

.rodata.ICON_BALE_PROFILE_D
                0x0011acd8       0x24
 .rodata.ICON_BALE_PROFILE_D
                0x0011acd8       0x24 bm_sym.o
                0x0011acd8                ICON_BALE_PROFILE_D

.rodata.ICON_BALE_PROFILE_E
                0x0011acfc       0x24
 .rodata.ICON_BALE_PROFILE_E
                0x0011acfc       0x24 bm_sym.o
                0x0011acfc                ICON_BALE_PROFILE_E

.rodata.ICON_NET_METRES_RESET
                0x0011ad20       0xec
 .rodata.ICON_NET_METRES_RESET
                0x0011ad20       0xec bm_sym.o
                0x0011ad20                ICON_NET_METRES_RESET

.rodata.TABNET  0x0011ae0c       0x54
 .rodata.TABNET
                0x0011ae0c       0x54 bm_sym.o
                0x0011ae0c                TABNET

.rodata.McHale_V6
                0x0011ae60      0x304
 .rodata.McHale_V6
                0x0011ae60      0x304 bm_sym.o
                0x0011ae60                McHale_V6

.rodata.SWCLOSED
                0x0011b164       0x10
 .rodata.SWCLOSED
                0x0011b164       0x10 bm_sym.o
                0x0011b164                SWCLOSED

.rodata.Balerdoorclosed_withoutkicker
                0x0011b174      0x158
 .rodata.Balerdoorclosed_withoutkicker
                0x0011b174      0x158 bm_sym.o
                0x0011b174                Balerdoorclosed_withoutkicker

.rodata.ROLLER  0x0011b2cc       0x20
 .rodata.ROLLER
                0x0011b2cc       0x20 bm_sym.o
                0x0011b2cc                ROLLER

.rodata.DRIVING_ARROWS_X3_LEFT
                0x0011b2ec       0x68
 .rodata.DRIVING_ARROWS_X3_LEFT
                0x0011b2ec       0x68 bm_sym.o
                0x0011b2ec                DRIVING_ARROWS_X3_LEFT

.rodata.ICON_CURRENT_SELECTION_INDICATOR
                0x0011b354       0x1c
 .rodata.ICON_CURRENT_SELECTION_INDICATOR
                0x0011b354       0x1c bm_sym.o
                0x0011b354                ICON_CURRENT_SELECTION_INDICATOR

.rodata.TAB_NET_CUT
                0x0011b370       0x54
 .rodata.TAB_NET_CUT
                0x0011b370       0x54 bm_sym.o
                0x0011b370                TAB_NET_CUT

.rodata.ICON_BALE_COUNT
                0x0011b3c4       0x2c
 .rodata.ICON_BALE_COUNT
                0x0011b3c4       0x2c bm_sym.o
                0x0011b3c4                ICON_BALE_COUNT

.rodata.BAR_UNIT
                0x0011b3f0       0x10
 .rodata.BAR_UNIT
                0x0011b3f0       0x10 bm_sym.o
                0x0011b3f0                BAR_UNIT

.rodata.ICON_NET_METRES_SELECTED
                0x0011b400      0x100
 .rodata.ICON_NET_METRES_SELECTED
                0x0011b400      0x100 bm_sym.o
                0x0011b400                ICON_NET_METRES_SELECTED

.rodata.TABKNFOFF
                0x0011b500       0x54
 .rodata.TABKNFOFF
                0x0011b500       0x54 bm_sym.o
                0x0011b500                TABKNFOFF

.rodata.DIASCALE
                0x0011b554       0x54
 .rodata.DIASCALE
                0x0011b554       0x54 bm_sym.o
                0x0011b554                DIASCALE

.rodata.TABPLUS
                0x0011b5a8       0x54
 .rodata.TABPLUS
                0x0011b5a8       0x54 bm_sym.o
                0x0011b5a8                TABPLUS

.rodata.GRASS01
                0x0011b5fc       0x20
 .rodata.GRASS01
                0x0011b5fc       0x20 bm_sym.o
                0x0011b5fc                GRASS01

.rodata.TABLEFT
                0x0011b61c       0x54
 .rodata.TABLEFT
                0x0011b61c       0x54 bm_sym.o
                0x0011b61c                TABLEFT

.rodata.DRIVING_ARROWS_X4_LEFT
                0x0011b670       0x68
 .rodata.DRIVING_ARROWS_X4_LEFT
                0x0011b670       0x68 bm_sym.o
                0x0011b670                DRIVING_ARROWS_X4_LEFT

.rodata.TABCYCLE_ATOJ
                0x0011b6d8       0x54
 .rodata.TABCYCLE_ATOJ
                0x0011b6d8       0x54 bm_sym.o
                0x0011b6d8                TABCYCLE_ATOJ

.rodata.GRASS05
                0x0011b72c       0x20
 .rodata.GRASS05
                0x0011b72c       0x20 bm_sym.o
                0x0011b72c                GRASS05

.rodata.GRASS06
                0x0011b74c       0x20
 .rodata.GRASS06
                0x0011b74c       0x20 bm_sym.o
                0x0011b74c                GRASS06

.rodata.DRIVING_ARROWS_X1_LEFT
                0x0011b76c       0x68
 .rodata.DRIVING_ARROWS_X1_LEFT
                0x0011b76c       0x68 bm_sym.o
                0x0011b76c                DRIVING_ARROWS_X1_LEFT

.rodata.BAR     0x0011b7d4       0x94
 .rodata.BAR    0x0011b7d4       0x94 bm_sym.o
                0x0011b7d4                BAR

.rodata.ICON_LUBE_COUNT_RESET
                0x0011b868       0xec
 .rodata.ICON_LUBE_COUNT_RESET
                0x0011b868       0xec bm_sym.o
                0x0011b868                ICON_LUBE_COUNT_RESET

.rodata.ICON_BALE_INDICATOR_BEEP
                0x0011b954       0x28
 .rodata.ICON_BALE_INDICATOR_BEEP
                0x0011b954       0x28 bm_sym.o
                0x0011b954                ICON_BALE_INDICATOR_BEEP

.rodata.Balerdooropen_withoutkicker
                0x0011b97c      0x174
 .rodata.Balerdooropen_withoutkicker
                0x0011b97c      0x174 bm_sym.o
                0x0011b97c                Balerdooropen_withoutkicker

.rodata.ICON_OPERATOR_SETUP_MENU
                0x0011baf0       0xdc
 .rodata.ICON_OPERATOR_SETUP_MENU
                0x0011baf0       0xdc bm_sym.o
                0x0011baf0                ICON_OPERATOR_SETUP_MENU

.rodata.ICON_PRE_WARNING_BEEP
                0x0011bbcc       0xe8
 .rodata.ICON_PRE_WARNING_BEEP
                0x0011bbcc       0xe8 bm_sym.o
                0x0011bbcc                ICON_PRE_WARNING_BEEP

.rodata.TAB_MAKE_SELECTION_CURRENT
                0x0011bcb4       0x54
 .rodata.TAB_MAKE_SELECTION_CURRENT
                0x0011bcb4       0x54 bm_sym.o
                0x0011bcb4                TAB_MAKE_SELECTION_CURRENT

.rodata.ICON_TIME_AND_DATE_ADJUST_MENU
                0x0011bd08       0x6c
 .rodata.ICON_TIME_AND_DATE_ADJUST_MENU
                0x0011bd08       0x6c bm_sym.o
                0x0011bd08                ICON_TIME_AND_DATE_ADJUST_MENU

.rodata.DAYSYM  0x0011bd74       0x6c
 .rodata.DAYSYM
                0x0011bd74       0x6c bm_sym.o
                0x0011bd74                DAYSYM

.rodata.ICON_BALE_INDICATOR_SELECTED
                0x0011bde0       0x8c
 .rodata.ICON_BALE_INDICATOR_SELECTED
                0x0011bde0       0x8c bm_sym.o
                0x0011bde0                ICON_BALE_INDICATOR_SELECTED

.rodata.TABTICK
                0x0011be6c       0x54
 .rodata.TABTICK
                0x0011be6c       0x54 bm_sym.o
                0x0011be6c                TABTICK

.rodata.ICON_PRE_WARNING_BEEP_SELECTED
                0x0011bec0       0xe8
 .rodata.ICON_PRE_WARNING_BEEP_SELECTED
                0x0011bec0       0xe8 bm_sym.o
                0x0011bec0                ICON_PRE_WARNING_BEEP_SELECTED

.rodata.ICON_FILL_POT_ZERO_RESET
                0x0011bfa8       0xc0
 .rodata.ICON_FILL_POT_ZERO_RESET
                0x0011bfa8       0xc0 bm_sym.o
                0x0011bfa8                ICON_FILL_POT_ZERO_RESET

.rodata.DIAMIND
                0x0011c068        0x8
 .rodata.DIAMIND
                0x0011c068        0x8 bm_sym.o
                0x0011c068                DIAMIND

.rodata.ICON_TECHNICIAN_MENU_SELECTED
                0x0011c070       0x44
 .rodata.ICON_TECHNICIAN_MENU_SELECTED
                0x0011c070       0x44 bm_sym.o
                0x0011c070                ICON_TECHNICIAN_MENU_SELECTED

.rodata.CONTRST1
                0x0011c0b4       0x14
 .rodata.CONTRST1
                0x0011c0b4       0x14 bm_sym.o
                0x0011c0b4                CONTRST1

.rodata.SWOPEN  0x0011c0c8       0x10
 .rodata.SWOPEN
                0x0011c0c8       0x10 bm_sym.o
                0x0011c0c8                SWOPEN

.rodata.TABNAV_ULR
                0x0011c0d8       0x7c
 .rodata.TABNAV_ULR
                0x0011c0d8       0x7c bm_sym.o
                0x0011c0d8                TABNAV_ULR

.rodata.SIDEDISPLAY_2
                0x0011c154      0x158
 .rodata.SIDEDISPLAY_2
                0x0011c154      0x158 bm_sym.o
                0x0011c154                SIDEDISPLAY_2

.rodata.TABNAV_DLR
                0x0011c2ac       0x7c
 .rodata.TABNAV_DLR
                0x0011c2ac       0x7c bm_sym.o
                0x0011c2ac                TABNAV_DLR

.rodata.ICON_BALE_PROFILE_A
                0x0011c328       0x24
 .rodata.ICON_BALE_PROFILE_A
                0x0011c328       0x24 bm_sym.o
                0x0011c328                ICON_BALE_PROFILE_A

.rodata.TABNAV_DL
                0x0011c34c       0x7c
 .rodata.TABNAV_DL
                0x0011c34c       0x7c bm_sym.o
                0x0011c34c                TABNAV_DL

.rodata.MODEMAN
                0x0011c3c8       0x30
 .rodata.MODEMAN
                0x0011c3c8       0x30 bm_sym.o
                0x0011c3c8                MODEMAN

.rodata.BATTSLIM
                0x0011c3f8       0x14
 .rodata.BATTSLIM
                0x0011c3f8       0x14 bm_sym.o
                0x0011c3f8                BATTSLIM

.rodata.TABNAV_DR
                0x0011c40c       0x7c
 .rodata.TABNAV_DR
                0x0011c40c       0x7c bm_sym.o
                0x0011c40c                TABNAV_DR

.rodata.TAB_DENSITY_RELEASE
                0x0011c488       0x54
 .rodata.TAB_DENSITY_RELEASE
                0x0011c488       0x54 bm_sym.o
                0x0011c488                TAB_DENSITY_RELEASE

.rodata.ICON_GRAND_TOTAL_BALES
                0x0011c4dc       0x2c
 .rodata.ICON_GRAND_TOTAL_BALES
                0x0011c4dc       0x2c bm_sym.o
                0x0011c4dc                ICON_GRAND_TOTAL_BALES

.rodata.ICON_FILL_POT_ZERO
                0x0011c508       0xd0
 .rodata.ICON_FILL_POT_ZERO
                0x0011c508       0xd0 bm_sym.o
                0x0011c508                ICON_FILL_POT_ZERO

.rodata.BalerCenter
                0x0011c5d8      0x1a0
 .rodata.BalerCenter
                0x0011c5d8      0x1a0 bm_sym.o
                0x0011c5d8                BalerCenter

.rodata.ICON_NET_TWINE_WITH_TWINE_HIGHLIGHTED
                0x0011c778      0x118
 .rodata.ICON_NET_TWINE_WITH_TWINE_HIGHLIGHTED
                0x0011c778      0x118 bm_sym.o
                0x0011c778                ICON_NET_TWINE_WITH_TWINE_HIGHLIGHTED

.rodata.ICON_BALE_DIAMETER_SELECTED
                0x0011c890      0x2e4
 .rodata.ICON_BALE_DIAMETER_SELECTED
                0x0011c890      0x2e4 bm_sym.o
                0x0011c890                ICON_BALE_DIAMETER_SELECTED

.rodata.TABRESET
                0x0011cb74       0x54
 .rodata.TABRESET
                0x0011cb74       0x54 bm_sym.o
                0x0011cb74                TABRESET

.rodata.MODEAUTO
                0x0011cbc8       0x38
 .rodata.MODEAUTO
                0x0011cbc8       0x38 bm_sym.o
                0x0011cbc8                MODEAUTO

.rodata.ICON_LUBE_COUNT
                0x0011cc00       0x2c
 .rodata.ICON_LUBE_COUNT
                0x0011cc00       0x2c bm_sym.o
                0x0011cc00                ICON_LUBE_COUNT

.rodata.ICON_CLOCK_AT_TEN_TO_TWO
                0x0011cc2c       0x20
 .rodata.ICON_CLOCK_AT_TEN_TO_TWO
                0x0011cc2c       0x20 bm_sym.o
                0x0011cc2c                ICON_CLOCK_AT_TEN_TO_TWO

.rodata.WARNING_LOWBATT
                0x0011cc4c      0x214
 .rodata.WARNING_LOWBATT
                0x0011cc4c      0x214 bm_sym.o
                0x0011cc4c                WARNING_LOWBATT

.rodata.ICON_CORE_DIAMETER_SELECTED
                0x0011ce60      0x2e4
 .rodata.ICON_CORE_DIAMETER_SELECTED
                0x0011ce60      0x2e4 bm_sym.o
                0x0011ce60                ICON_CORE_DIAMETER_SELECTED

.rodata.ICON_MACHINE_SETUP_MENU_SELECTED
                0x0011d144       0xdc
 .rodata.ICON_MACHINE_SETUP_MENU_SELECTED
                0x0011d144       0xdc bm_sym.o
                0x0011d144                ICON_MACHINE_SETUP_MENU_SELECTED

.rodata.WARNING_DROPFLOOR
                0x0011d220      0x214
 .rodata.WARNING_DROPFLOOR
                0x0011d220      0x214 bm_sym.o
                0x0011d220                WARNING_DROPFLOOR

.rodata.ROLL01  0x0011d434       0x38
 .rodata.ROLL01
                0x0011d434       0x38 bm_sym.o
                0x0011d434                ROLL01

.rodata.ROLL02  0x0011d46c       0x38
 .rodata.ROLL02
                0x0011d46c       0x38 bm_sym.o
                0x0011d46c                ROLL02

.rodata.ROLL04  0x0011d4a4       0x38
 .rodata.ROLL04
                0x0011d4a4       0x38 bm_sym.o
                0x0011d4a4                ROLL04

.rodata.UNDERLINE_FOUR_DIGIT
                0x0011d4dc        0x8
 .rodata.UNDERLINE_FOUR_DIGIT
                0x0011d4dc        0x8 bm_sym.o
                0x0011d4dc                UNDERLINE_FOUR_DIGIT

.rodata.ROLL06  0x0011d4e4       0x38
 .rodata.ROLL06
                0x0011d4e4       0x38 bm_sym.o
                0x0011d4e4                ROLL06

.rodata.WARNING_CHECKNET
                0x0011d51c      0x214
 .rodata.WARNING_CHECKNET
                0x0011d51c      0x214 bm_sym.o
                0x0011d51c                WARNING_CHECKNET

.rodata.ICON_NET_METRES
                0x0011d730      0x100
 .rodata.ICON_NET_METRES
                0x0011d730      0x100 bm_sym.o
                0x0011d730                ICON_NET_METRES

.rodata.TABKNFDIV
                0x0011d830       0x54
 .rodata.TABKNFDIV
                0x0011d830       0x54 bm_sym.o
                0x0011d830                TABKNFDIV

.rodata.DRIVING_ARROWS_X2_RIGHT
                0x0011d884       0x68
 .rodata.DRIVING_ARROWS_X2_RIGHT
                0x0011d884       0x68 bm_sym.o
                0x0011d884                DRIVING_ARROWS_X2_RIGHT

.rodata.KICKER_DOWN
                0x0011d8ec       0x1c
 .rodata.KICKER_DOWN
                0x0011d8ec       0x1c bm_sym.o
                0x0011d8ec                KICKER_DOWN

.rodata.TABNAV_LR
                0x0011d908       0x7c
 .rodata.TABNAV_LR
                0x0011d908       0x7c bm_sym.o
                0x0011d908                TABNAV_LR

.rodata.KNIFE   0x0011d984       0x1c
 .rodata.KNIFE  0x0011d984       0x1c bm_sym.o
                0x0011d984                KNIFE

.rodata.GRASS04
                0x0011d9a0       0x20
 .rodata.GRASS04
                0x0011d9a0       0x20 bm_sym.o
                0x0011d9a0                GRASS04

.rodata.ICON_NET_DELAY_SELECTED
                0x0011d9c0       0xc4
 .rodata.ICON_NET_DELAY_SELECTED
                0x0011d9c0       0xc4 bm_sym.o
                0x0011d9c0                ICON_NET_DELAY_SELECTED

.rodata.ICON_CORE_DENSITY
                0x0011da84       0x9c
 .rodata.ICON_CORE_DENSITY
                0x0011da84       0x9c bm_sym.o
                0x0011da84                ICON_CORE_DENSITY

.rodata.ICON_SELECTION_POINTER
                0x0011db20       0x10
 .rodata.ICON_SELECTION_POINTER
                0x0011db20       0x10 bm_sym.o
                0x0011db20                ICON_SELECTION_POINTER

.rodata.WARNING_DENSITY_PRESSURE_SCREEN_IMAGE
                0x0011db30      0x48c
 .rodata.WARNING_DENSITY_PRESSURE_SCREEN_IMAGE
                0x0011db30      0x48c bm_sym.o
                0x0011db30                WARNING_DENSITY_PRESSURE_SCREEN_IMAGE

.rodata.ICON_DIAMETER_CORRECTION
                0x0011dfbc      0x120
 .rodata.ICON_DIAMETER_CORRECTION
                0x0011dfbc      0x120 bm_sym.o
                0x0011dfbc                ICON_DIAMETER_CORRECTION

.rodata.ICON_BALE_SETUP_MENU
                0x0011e0dc       0xdc
 .rodata.ICON_BALE_SETUP_MENU
                0x0011e0dc       0xdc bm_sym.o
                0x0011e0dc                ICON_BALE_SETUP_MENU

.rodata.DRIVING_ARROWS_X4_RIGHT
                0x0011e1b8       0x68
 .rodata.DRIVING_ARROWS_X4_RIGHT
                0x0011e1b8       0x68 bm_sym.o
                0x0011e1b8                DRIVING_ARROWS_X4_RIGHT

.rodata.LUBE_COUNT_RESET_PROMPT
                0x0011e220      0x204
 .rodata.LUBE_COUNT_RESET_PROMPT
                0x0011e220      0x204 bm_sym.o
                0x0011e220                LUBE_COUNT_RESET_PROMPT

.rodata.BRICK1  0x0011e424       0x38
 .rodata.BRICK1
                0x0011e424       0x38 bm_sym.o
                0x0011e424                BRICK1

.rodata.ICON_NET_LAYERS_SELECTED
                0x0011e45c       0x54
 .rodata.ICON_NET_LAYERS_SELECTED
                0x0011e45c       0x54 bm_sym.o
                0x0011e45c                ICON_NET_LAYERS_SELECTED

.rodata.UNDERLINE_TWO_DIGIT
                0x0011e4b0        0x8
 .rodata.UNDERLINE_TWO_DIGIT
                0x0011e4b0        0x8 bm_sym.o
                0x0011e4b0                UNDERLINE_TWO_DIGIT

.rodata.DRIVING_ARROWS_NONE
                0x0011e4b8       0x68
 .rodata.DRIVING_ARROWS_NONE
                0x0011e4b8       0x68 bm_sym.o
                0x0011e4b8                DRIVING_ARROWS_NONE

.rodata.ICON_BALE_DENSITY_SELECTED
                0x0011e520       0xb0
 .rodata.ICON_BALE_DENSITY_SELECTED
                0x0011e520       0xb0 bm_sym.o
                0x0011e520                ICON_BALE_DENSITY_SELECTED

.rodata.ICON_MACHINE_SETUP_MENU
                0x0011e5d0       0xdc
 .rodata.ICON_MACHINE_SETUP_MENU
                0x0011e5d0       0xdc bm_sym.o
                0x0011e5d0                ICON_MACHINE_SETUP_MENU

.rodata.TAB_PAGE
                0x0011e6ac       0x54
 .rodata.TAB_PAGE
                0x0011e6ac       0x54 bm_sym.o
                0x0011e6ac                TAB_PAGE

.rodata.BRIGHTN1
                0x0011e700       0x18
 .rodata.BRIGHTN1
                0x0011e700       0x18 bm_sym.o
                0x0011e700                BRIGHTN1

.rodata.TABRIGHT
                0x0011e718       0x54
 .rodata.TABRIGHT
                0x0011e718       0x54 bm_sym.o
                0x0011e718                TABRIGHT

.rodata.ICON_BALE_PROFILE_SELECTED
                0x0011e76c      0x2e4
 .rodata.ICON_BALE_PROFILE_SELECTED
                0x0011e76c      0x2e4 bm_sym.o
                0x0011e76c                ICON_BALE_PROFILE_SELECTED

.rodata.ICON_BALE_SETUP_MENU_SELECTED
                0x0011ea50       0xdc
 .rodata.ICON_BALE_SETUP_MENU_SELECTED
                0x0011ea50       0xdc bm_sym.o
                0x0011ea50                ICON_BALE_SETUP_MENU_SELECTED

.rodata.TABNAV01
                0x0011eb2c       0x7c
 .rodata.TABNAV01
                0x0011eb2c       0x7c bm_sym.o
                0x0011eb2c                TABNAV01

.rodata.Bale    0x0011eba8      0x100
 .rodata.Bale   0x0011eba8      0x100 bm_sym.o
                0x0011eba8                Bale

.rodata.ICON_BALE_INDICATOR_ON
                0x0011eca8       0x28
 .rodata.ICON_BALE_INDICATOR_ON
                0x0011eca8       0x28 bm_sym.o
                0x0011eca8                ICON_BALE_INDICATOR_ON

.rodata.ICON_BRIGHTNESS_AND_CONTRAST_MENU_SELECTED
                0x0011ecd0       0x64
 .rodata.ICON_BRIGHTNESS_AND_CONTRAST_MENU_SELECTED
                0x0011ecd0       0x64 bm_sym.o
                0x0011ecd0                ICON_BRIGHTNESS_AND_CONTRAST_MENU_SELECTED

.rodata.TABNAV_D
                0x0011ed34       0x7c
 .rodata.TABNAV_D
                0x0011ed34       0x7c bm_sym.o
                0x0011ed34                TABNAV_D

.rodata.TABESC  0x0011edb0       0x58
 .rodata.TABESC
                0x0011edb0       0x58 bm_sym.o
                0x0011edb0                TABESC

.rodata.ICON_CORE_DENSITY_SELECTED
                0x0011ee08       0x9c
 .rodata.ICON_CORE_DENSITY_SELECTED
                0x0011ee08       0x9c bm_sym.o
                0x0011ee08                ICON_CORE_DENSITY_SELECTED

.rodata.ICON_FILL_POT_ZERO_SELECTED
                0x0011eea4       0xd0
 .rodata.ICON_FILL_POT_ZERO_SELECTED
                0x0011eea4       0xd0 bm_sym.o
                0x0011eea4                ICON_FILL_POT_ZERO_SELECTED

.rodata.DRIVING_ARROWS_X2_LEFT
                0x0011ef74       0x68
 .rodata.DRIVING_ARROWS_X2_LEFT
                0x0011ef74       0x68 bm_sym.o
                0x0011ef74                DRIVING_ARROWS_X2_LEFT

.rodata.ICON_SCROLL_BAR_PAGE_2_OF_2
                0x0011efdc       0xac
 .rodata.ICON_SCROLL_BAR_PAGE_2_OF_2
                0x0011efdc       0xac bm_sym.o
                0x0011efdc                ICON_SCROLL_BAR_PAGE_2_OF_2

.rodata.ICON_BALE_INDICATOR_OFF
                0x0011f088       0x28
 .rodata.ICON_BALE_INDICATOR_OFF
                0x0011f088       0x28 bm_sym.o
                0x0011f088                ICON_BALE_INDICATOR_OFF

.rodata.TABNAV_L
                0x0011f0b0       0x7c
 .rodata.TABNAV_L
                0x0011f0b0       0x7c bm_sym.o
                0x0011f0b0                TABNAV_L

.rodata.TABMINUS
                0x0011f12c       0x54
 .rodata.TABMINUS
                0x0011f12c       0x54 bm_sym.o
                0x0011f12c                TABMINUS

.rodata.TABKNFON
                0x0011f180       0x54
 .rodata.TABKNFON
                0x0011f180       0x54 bm_sym.o
                0x0011f180                TABKNFON

.rodata.ICON_TECHNICIAN_MENU
                0x0011f1d4       0x44
 .rodata.ICON_TECHNICIAN_MENU
                0x0011f1d4       0x44 bm_sym.o
                0x0011f1d4                ICON_TECHNICIAN_MENU

.rodata.ICON_BRIGHTNESS_AND_CONTRAST_MENU
                0x0011f218       0x64
 .rodata.ICON_BRIGHTNESS_AND_CONTRAST_MENU
                0x0011f218       0x64 bm_sym.o
                0x0011f218                ICON_BRIGHTNESS_AND_CONTRAST_MENU

.rodata.ICON_TIME_AND_DATE_ADJUST_MENU_SELECTED
                0x0011f27c       0x6c
 .rodata.ICON_TIME_AND_DATE_ADJUST_MENU_SELECTED
                0x0011f27c       0x6c bm_sym.o
                0x0011f27c                ICON_TIME_AND_DATE_ADJUST_MENU_SELECTED

.rodata.TABNAV_U
                0x0011f2e8       0x7c
 .rodata.TABNAV_U
                0x0011f2e8       0x7c bm_sym.o
                0x0011f2e8                TABNAV_U

.rodata.POWER   0x0011f364       0x18
 .rodata.POWER  0x0011f364       0x18 bm_sym.o
                0x0011f364                POWER

.rodata.ROLL03  0x0011f37c       0x38
 .rodata.ROLL03
                0x0011f37c       0x38 bm_sym.o
                0x0011f37c                ROLL03

.rodata.BUTTON03
                0x0011f3b4       0x18
 .rodata.BUTTON03
                0x0011f3b4       0x18 bm_sym.o
                0x0011f3b4                BUTTON03

.rodata.BUTTON04
                0x0011f3cc       0x18
 .rodata.BUTTON04
                0x0011f3cc       0x18 bm_sym.o
                0x0011f3cc                BUTTON04

.rodata.KICKER_UP
                0x0011f3e4       0x1c
 .rodata.KICKER_UP
                0x0011f3e4       0x1c bm_sym.o
                0x0011f3e4                KICKER_UP

.rodata.ICON_NET_TWINE_WITH_NET_HIGHLIGHTED
                0x0011f400      0x118
 .rodata.ICON_NET_TWINE_WITH_NET_HIGHLIGHTED
                0x0011f400      0x118 bm_sym.o
                0x0011f400                ICON_NET_TWINE_WITH_NET_HIGHLIGHTED

.rodata.TABRESET_LUBECOUNT
                0x0011f518       0x54
 .rodata.TABRESET_LUBECOUNT
                0x0011f518       0x54 bm_sym.o
                0x0011f518                TABRESET_LUBECOUNT

.rodata.SIDEDISPLAY_1
                0x0011f56c      0x158
 .rodata.SIDEDISPLAY_1
                0x0011f56c      0x158 bm_sym.o
                0x0011f56c                SIDEDISPLAY_1

.rodata.BalerHitch
                0x0011f6c4       0x44
 .rodata.BalerHitch
                0x0011f6c4       0x44 bm_sym.o
                0x0011f6c4                BalerHitch

.rodata.ICON_NET_DELAY
                0x0011f708       0xc4
 .rodata.ICON_NET_DELAY
                0x0011f708       0xc4 bm_sym.o
                0x0011f708                ICON_NET_DELAY

.rodata.TABNAV_
                0x0011f7cc       0x7c
 .rodata.TABNAV_
                0x0011f7cc       0x7c bm_sym.o
                0x0011f7cc                TABNAV_

.rodata.TABNAV_UDL
                0x0011f848       0x7c
 .rodata.TABNAV_UDL
                0x0011f848       0x7c bm_sym.o
                0x0011f848                TABNAV_UDL

.rodata.ICON_BALE_COUNT_MENU_SELECTED
                0x0011f8c4       0xdc
 .rodata.ICON_BALE_COUNT_MENU_SELECTED
                0x0011f8c4       0xdc bm_sym.o
                0x0011f8c4                ICON_BALE_COUNT_MENU_SELECTED

.rodata.ROLL08  0x0011f9a0       0x38
 .rodata.ROLL08
                0x0011f9a0       0x38 bm_sym.o
                0x0011f9a0                ROLL08

.rodata.ICON_BALE_PROFILE_CORE_DIAMETER_BALE_DIAMETER
                0x0011f9d8      0x2e4
 .rodata.ICON_BALE_PROFILE_CORE_DIAMETER_BALE_DIAMETER
                0x0011f9d8      0x2e4 bm_sym.o
                0x0011f9d8                ICON_BALE_PROFILE_CORE_DIAMETER_BALE_DIAMETER

.rodata.WARNING_KNIFEPRES
                0x0011fcbc      0x214
 .rodata.WARNING_KNIFEPRES
                0x0011fcbc      0x214 bm_sym.o
                0x0011fcbc                WARNING_KNIFEPRES

.rodata.TABNAV_UDR
                0x0011fed0       0x7c
 .rodata.TABNAV_UDR
                0x0011fed0       0x7c bm_sym.o
                0x0011fed0                TABNAV_UDR

.rodata.ICON_SCROLL_BAR_PAGE_1_OF_2
                0x0011ff4c       0xac
 .rodata.ICON_SCROLL_BAR_PAGE_1_OF_2
                0x0011ff4c       0xac bm_sym.o
                0x0011ff4c                ICON_SCROLL_BAR_PAGE_1_OF_2

.rodata.TABNAV_UD
                0x0011fff8       0x7c
 .rodata.TABNAV_UD
                0x0011fff8       0x7c bm_sym.o